 addon

 Timestamp is 5c8f7c44 (Mon Mar 18 12:08:52 2019)

 Preferred load address is 0000000180000000

 Start         Length     Name                   Class
 0001:00000000 0000e000H .text$mn                CODE
 0001:0000e000 00000020H .text$mn$00             CODE
 0001:0000e020 00000250H .text$x                 CODE
 0002:00000000 00000248H .idata$5                DATA
 0002:00000248 00000010H .00cfg                  DATA
 0002:00000258 00000008H .CRT$XCA                DATA
 0002:00000260 00000008H .CRT$XCU                DATA
 0002:00000268 00000008H .CRT$XCZ                DATA
 0002:00000270 00000008H .CRT$XIA                DATA
 0002:00000278 00000018H .CRT$XIC                DATA
 0002:00000290 00000008H .CRT$XIZ                DATA
 0002:00000298 00000008H .CRT$XPA                DATA
 0002:000002a0 00000010H .CRT$XPX                DATA
 0002:000002b0 00000008H .CRT$XPXA               DATA
 0002:000002b8 00000008H .CRT$XPZ                DATA
 0002:000002c0 00000008H .CRT$XTA                DATA
 0002:000002c8 00000008H .CRT$XTZ                DATA
 0002:000002d0 00000000H .gfids$y                DATA
 0002:000002d0 00007500H .rdata                  DATA
 0002:000077d0 000001f4H .rdata$r                DATA
 0002:000079c4 000003bcH .rdata$zzzdbg           DATA
 0002:00007d80 00000008H .rtc$IAA                DATA
 0002:00007d88 00000008H .rtc$IZZ                DATA
 0002:00007d90 00000008H .rtc$TAA                DATA
 0002:00007d98 00000008H .rtc$TZZ                DATA
 0002:00007da0 00000d60H .xdata                  DATA
 0002:00008b00 000000ecH .xdata$x                DATA
 0002:00008bec 00000020H .didat$2                DATA
 0002:00008c0c 00000024H .didat$3                DATA
 0002:00008c30 00000118H .didat$4                DATA
 0002:00008d48 00000340H .didat$6                DATA
 0002:00009088 00000118H .didat$7                DATA
 0002:000091a0 00000050H .edata                  DATA
 0002:000091f0 00000014H .idata$2                DATA
 0002:00009204 00000014H .idata$3                DATA
 0002:00009218 00000248H .idata$4                DATA
 0002:00009460 0000054eH .idata$6                DATA
 0003:00000000 00000a38H .data                   DATA
 0003:00000a38 000000a0H .data$r                 DATA
 0003:00000ad8 00000118H .didat$5                DATA
 0003:00000bf0 00001210H .bss                    DATA
 0004:00000000 00000ffcH .pdata                  DATA
 0005:00000000 00000060H .rsrc$01                DATA
 0005:00000060 00000180H .rsrc$02                DATA

  Address         Publics by Value              Rva+Base               Lib:Object

 0000:00000000       __hybrid_code_map_count    0000000000000000     <absolute>
 0000:00000000       __hybrid_code_map          0000000000000000     <absolute>
 0000:00000000       __guard_iat_count          0000000000000000     <absolute>
 0000:00000000       __volatile_metadata        0000000000000000     <absolute>
 0000:00000000       __guard_longjmp_count      0000000000000000     <absolute>
 0000:00000000       __guard_longjmp_table      0000000000000000     <absolute>
 0000:00000000       __guard_iat_table          0000000000000000     <absolute>
 0000:00000000       __guard_fids_count         0000000000000000     <absolute>
 0000:00000000       ___safe_se_handler_count   0000000000000000     <absolute>
 0000:00000000       __enclave_config           0000000000000000     <absolute>
 0000:00000000       ___safe_se_handler_table   0000000000000000     <absolute>
 0000:00000000       __guard_fids_table         0000000000000000     <absolute>
 0000:00000000       __hybrid_auxiliary_iat     0000000000000000     <absolute>
 0000:00000000       __dynamic_value_reloc_table 0000000000000000     <absolute>
 0000:00000100       __guard_flags              0000000000000100     <absolute>
 0000:00000000       __ImageBase                0000000180000000     <linker-defined>
 0001:00000000       ?New@Number@Napi@@SA?AV12@PEAUnapi_env__@@N@Z 0000000180001000 f i AddWorker.obj
 0001:000000f0       ?New@Object@Napi@@SA?AV12@PEAUnapi_env__@@@Z 00000001800010f0 f i AddWorker.obj
 0001:000001e0       ?Call@Function@Napi@@QEBA?AVValue@2@PEAUnapi_value__@@AEBV?$initializer_list@PEAUnapi_value__@@@std@@@Z 00000001800011e0 f i AddWorker.obj
 0001:000002f0       ?New@Error@Napi@@SA?AV12@PEAUnapi_env__@@@Z 00000001800012f0 f i AddWorker.obj
 0001:000004e0       ?ThrowAsJavaScriptException@Error@Napi@@QEBAXXZ 00000001800014e0 f i AddWorker.obj
 0001:000005e0       ?Call@FunctionReference@Napi@@QEBA?AVValue@2@PEAUnapi_value__@@AEBV?$initializer_list@PEAUnapi_value__@@@std@@@Z 00000001800015e0 f i AddWorker.obj
 0001:00000750       ??0HandleScope@Napi@@QEAA@VEnv@1@@Z 0000000180001750 f i AddWorker.obj
 0001:00000820       ??0EscapableHandleScope@Napi@@QEAA@VEnv@1@@Z 0000000180001820 f i AddWorker.obj
 0001:000008f0       ??0AsyncWorker@Napi@@IEAA@AEBVObject@1@AEBVFunction@1@PEBD0@Z 00000001800018f0 f i AddWorker.obj
 0001:00000c30       ??_GAsyncWorker@Napi@@UEAAPEAXI@Z 0000000180001c30 f i AddWorker.obj
 0001:00000c30       ??_EAsyncWorker@Napi@@UEAAPEAXI@Z 0000000180001c30 f i * CIL library *:* CIL module *
 0001:00000c70       ??1AsyncWorker@Napi@@UEAA@XZ 0000000180001c70 f i AddWorker.obj
 0001:00000d40       ?OnOK@AsyncWorker@Napi@@MEAAXXZ 0000000180001d40 f i AddWorker.obj
 0001:00000d80       ?OnError@AsyncWorker@Napi@@MEAAXAEBVError@2@@Z 0000000180001d80 f i AddWorker.obj
 0001:00000df0       ?OnExecute@AsyncWorker@Napi@@CAXPEAUnapi_env__@@PEAX@Z 0000000180001df0 f i AddWorker.obj
 0001:00000e00       ?OnWorkComplete@AsyncWorker@Napi@@CAXPEAUnapi_env__@@W4napi_status@@PEAX@Z 0000000180001e00 f i AddWorker.obj
 0001:00000f40       ??_GAddWorker@@UEAAPEAXI@Z 0000000180001f40 f i AddWorker.obj
 0001:00000f40       ??_EAddWorker@@UEAAPEAXI@Z 0000000180001f40 f i * CIL library *:* CIL module *
 0001:00000f80       ?Execute@AddWorker@@UEAAXXZ 0000000180001f80 f   AddWorker.obj
 0001:00000f90       ?Value@?$Reference@VFunction@Napi@@@Napi@@QEBA?AVFunction@2@XZ 0000000180001f90 f i AddWorker.obj
 0001:00000f90       ?Value@?$Reference@VObject@Napi@@@Napi@@QEBA?AVObject@2@XZ 0000000180001f90 f i AddWorker.obj
 0001:00001090       ??$New@VError@Napi@@@Error@Napi@@KA?AV01@PEAUnapi_env__@@PEBD_KP6A?AW4napi_status@@0PEAUnapi_value__@@3PEAPEAU4@@Z@Z 0000000180002090 f i AddWorker.obj
 0001:00001090       ??$New@VTypeError@Napi@@@Error@Napi@@KA?AVTypeError@1@PEAUnapi_env__@@PEBD_KP6A?AW4napi_status@@0PEAUnapi_value__@@3PEAPEAU5@@Z@Z 0000000180002090 f i addon.obj
 0001:00001260       ?Null@Env@Napi@@QEBA?AVValue@2@XZ 0000000180002260 f i addon.obj
 0001:00001350       ?Type@Value@Napi@@QEBA?AW4napi_valuetype@@XZ 0000000180002350 f i addon.obj
 0001:00001440       ?DoubleValue@Number@Napi@@QEBANXZ 0000000180002440 f i addon.obj
 0001:00001530       ??0CallbackInfo@Napi@@QEAA@PEAUnapi_env__@@PEAUnapi_callback_info__@@@Z 0000000180002530 f i addon.obj
 0001:00001700       ??ACallbackInfo@Napi@@QEBA?BVValue@1@_K@Z 0000000180002700 f i addon.obj
 0001:00001820       ?addCallback@@YA?AVValue@Napi@@AEBVCallbackInfo@2@@Z 0000000180002820 f   addon.obj
 0001:00001a60       ?addAsyncCallback@@YA?AVValue@Napi@@AEBVCallbackInfo@2@@Z 0000000180002a60 f   addon.obj
 0001:00001e20       ?Init@@YA?AVObject@Napi@@VEnv@2@V12@@Z 0000000180002e20 f   addon.obj
 0001:00002030       ?__napi_Init@@YAPEAUnapi_value__@@PEAUnapi_env__@@PEAU1@@Z 0000000180003030 f   addon.obj
 0001:00002090       ??$New@P6A?AVValue@Napi@@AEBVCallbackInfo@2@@Z@Function@Napi@@SA?AV01@PEAUnapi_env__@@P6A?AVValue@1@AEBVCallbackInfo@1@@ZPEBDPEAX@Z 0000000180003090 f i addon.obj
 0001:00002240       ??$Set@VFunction@Napi@@@Object@Napi@@QEAAXVValue@1@AEBVFunction@1@@Z 0000000180003240 f i addon.obj
 0001:00002310       ?Wrapper@?$CallbackData@P6A?AVValue@Napi@@AEBVCallbackInfo@2@@ZV12@@details@Napi@@SAPEAUnapi_value__@@PEAUnapi_env__@@PEAUnapi_callback_info__@@@Z 0000000180003310 f i addon.obj
 0001:000023cc       __imp_load_napi_open_handle_scope 00000001800033cc f   node:node.exe
 0001:000023d8       __tailMerge_node_exe       00000001800033d8     node:node.exe
 0001:00002451       __imp_load_napi_get_last_error_info 0000000180003451 f   node:node.exe
 0001:0000245d       __imp_load_napi_create_error 000000018000345d f   node:node.exe
 0001:00002469       __imp_load_napi_call_function 0000000180003469 f   node:node.exe
 0001:00002475       __imp_load_napi_delete_reference 0000000180003475 f   node:node.exe
 0001:00002481       __imp_load_napi_fatal_error 0000000180003481 f   node:node.exe
 0001:0000248d       __imp_load_napi_is_exception_pending 000000018000348d f   node:node.exe
 0001:00002499       __imp_load_napi_close_escapable_handle_scope 0000000180003499 f   node:node.exe
 0001:000024a5       __imp_load_napi_escape_handle 00000001800034a5 f   node:node.exe
 0001:000024b1       __imp_load_napi_create_type_error 00000001800034b1 f   node:node.exe
 0001:000024bd       __imp_load_napi_create_string_latin1 00000001800034bd f   node:node.exe
 0001:000024c9       __imp_load_napi_create_async_work 00000001800034c9 f   node:node.exe
 0001:000024d5       __imp_load_napi_create_string_utf8 00000001800034d5 f   node:node.exe
 0001:000024e1       __imp_load_napi_throw      00000001800034e1 f   node:node.exe
 0001:000024ed       __imp_load_napi_get_and_clear_last_exception 00000001800034ed f   node:node.exe
 0001:000024f9       __imp_load_napi_create_object 00000001800034f9 f   node:node.exe
 0001:00002505       __imp_load_napi_get_undefined 0000000180003505 f   node:node.exe
 0001:00002511       __imp_load_napi_delete_async_work 0000000180003511 f   node:node.exe
 0001:0000251d       __imp_load_napi_open_escapable_handle_scope 000000018000351d f   node:node.exe
 0001:00002529       __imp_load_napi_create_reference 0000000180003529 f   node:node.exe
 0001:00002535       __imp_load_napi_close_handle_scope 0000000180003535 f   node:node.exe
 0001:00002541       __imp_load_napi_create_double 0000000180003541 f   node:node.exe
 0001:0000254d       __imp_load_napi_get_reference_value 000000018000354d f   node:node.exe
 0001:00002559       __imp_load_napi_create_function 0000000180003559 f   node:node.exe
 0001:00002565       __imp_load_napi_get_null   0000000180003565 f   node:node.exe
 0001:00002571       __imp_load_napi_queue_async_work 0000000180003571 f   node:node.exe
 0001:0000257d       __imp_load_napi_create_symbol 000000018000357d f   node:node.exe
 0001:00002589       __imp_load_napi_create_external 0000000180003589 f   node:node.exe
 0001:00002595       __imp_load_napi_module_register 0000000180003595 f   node:node.exe
 0001:000025a1       __imp_load_napi_define_properties 00000001800035a1 f   node:node.exe
 0001:000025ad       __imp_load_napi_typeof     00000001800035ad f   node:node.exe
 0001:000025b9       __imp_load_napi_set_property 00000001800035b9 f   node:node.exe
 0001:000025c5       __imp_load_napi_get_cb_info 00000001800035c5 f   node:node.exe
 0001:000025d1       __imp_load_napi_get_value_double 00000001800035d1 f   node:node.exe
 0001:000025f0       __security_check_cookie    00000001800035f0 f   LIBCMT:amdsecgs.obj
 0001:00002614       ??3@YAXPEAX_K@Z            0000000180003614 f   LIBCMT:delete_scalar_size.obj
 0001:00002614       ??_V@YAXPEAX@Z             0000000180003614 f   LIBCMT:delete_array.obj
 0001:0000261c       ??2@YAPEAX_K@Z             000000018000361c f   LIBCMT:new_scalar.obj
 0001:00002658       ??_U@YAPEAX_K@Z            0000000180003658 f   LIBCMT:new_array.obj
 0001:00002990       _DllMainCRTStartup         0000000180003990 f   LIBCMT:dll_dllmain.obj
 0001:000029d0       __raise_securityfailure    00000001800039d0 f   LIBCMT:gs_report.obj
 0001:00002a04       __report_gsfailure         0000000180003a04 f   LIBCMT:gs_report.obj
 0001:00002ad8       __report_rangecheckfailure 0000000180003ad8 f   LIBCMT:gs_report.obj
 0001:00002aec       __report_securityfailure   0000000180003aec f   LIBCMT:gs_report.obj
 0001:00002c6c       ??3@YAXPEAX@Z              0000000180003c6c f   LIBCMT:delete_scalar.obj
 0001:00002c74       ??0bad_alloc@std@@QEAA@AEBV01@@Z 0000000180003c74 f i LIBCMT:throw_bad_alloc.obj
 0001:00002cb4       ??0bad_alloc@std@@QEAA@XZ  0000000180003cb4 f i LIBCMT:throw_bad_alloc.obj
 0001:00002cd4       ??0bad_array_new_length@std@@QEAA@AEBV01@@Z 0000000180003cd4 f i LIBCMT:throw_bad_alloc.obj
 0001:00002d14       ??0bad_array_new_length@std@@QEAA@XZ 0000000180003d14 f i LIBCMT:throw_bad_alloc.obj
 0001:00002d34       ??0exception@std@@QEAA@AEBV01@@Z 0000000180003d34 f i LIBCMT:throw_bad_alloc.obj
 0001:00002d6c       ??1bad_array_new_length@std@@UEAA@XZ 0000000180003d6c f i LIBCMT:throw_bad_alloc.obj
 0001:00002d6c       ??1bad_alloc@std@@UEAA@XZ  0000000180003d6c f i LIBCMT:throw_bad_alloc.obj
 0001:00002d80       ??_Gexception@std@@UEAAPEAXI@Z 0000000180003d80 f i LIBCMT:throw_bad_alloc.obj
 0001:00002d80       ??_Eexception@std@@UEAAPEAXI@Z 0000000180003d80 f i LIBCMT:throw_bad_alloc.obj
 0001:00002d80       ??_Gbad_alloc@std@@UEAAPEAXI@Z 0000000180003d80 f i LIBCMT:throw_bad_alloc.obj
 0001:00002d80       ??_Gbad_array_new_length@std@@UEAAPEAXI@Z 0000000180003d80 f i LIBCMT:throw_bad_alloc.obj
 0001:00002d80       ??_Ebad_alloc@std@@UEAAPEAXI@Z 0000000180003d80 f i LIBCMT:throw_bad_alloc.obj
 0001:00002d80       ??_Ebad_array_new_length@std@@UEAAPEAXI@Z 0000000180003d80 f i LIBCMT:throw_bad_alloc.obj
 0001:00002dc4       ?__scrt_throw_std_bad_alloc@@YAXXZ 0000000180003dc4 f   LIBCMT:throw_bad_alloc.obj
 0001:00002de4       ?__scrt_throw_std_bad_array_new_length@@YAXXZ 0000000180003de4 f   LIBCMT:throw_bad_alloc.obj
 0001:00002e04       ?what@exception@std@@UEBAPEBDXZ 0000000180003e04 f i LIBCMT:throw_bad_alloc.obj
 0001:00002e18       __security_init_cookie     0000000180003e18 f   LIBCMT:gs_support.obj
 0001:00002ec4       DllMain                    0000000180003ec4 f   LIBCMT:dll_dllmain_stub.obj
 0001:00002ec4       _get_startup_argv_mode     0000000180003ec4 f   LIBCMT:argv_mode.obj
 0001:00002ecc       ?__scrt_initialize_type_info@@YAXXZ 0000000180003ecc f   LIBCMT:tncleanup.obj
 0001:00002edc       ?__scrt_uninitialize_type_info@@YAXXZ 0000000180003edc f   LIBCMT:tncleanup.obj
 0001:00002ee8       __local_stdio_printf_options 0000000180003ee8 f i LIBCMT:default_local_stdio_options.obj
 0001:00002ef0       __local_stdio_scanf_options 0000000180003ef0 f i LIBCMT:default_local_stdio_options.obj
 0001:00002ef8       __scrt_initialize_default_local_stdio_options 0000000180003ef8 f   LIBCMT:default_local_stdio_options.obj
 0001:00002f14       __scrt_acquire_startup_lock 0000000180003f14 f   LIBCMT:utility.obj
 0001:00002f50       __scrt_dllmain_after_initialize_c 0000000180003f50 f   LIBCMT:utility.obj
 0001:00002f84       __scrt_dllmain_before_initialize_c 0000000180003f84 f   LIBCMT:utility.obj
 0001:00002f9c       __scrt_dllmain_crt_thread_attach 0000000180003f9c f   LIBCMT:utility.obj
 0001:00002fc4       __scrt_dllmain_crt_thread_detach 0000000180003fc4 f   LIBCMT:utility.obj
 0001:00002fdc       __scrt_dllmain_exception_filter 0000000180003fdc f   LIBCMT:utility.obj
 0001:0000303c       __scrt_dllmain_uninitialize_c 000000018000403c f   LIBCMT:utility.obj
 0001:0000306c       __scrt_dllmain_uninitialize_critical 000000018000406c f   LIBCMT:utility.obj
 0001:00003080       __scrt_initialize_crt      0000000180004080 f   LIBCMT:utility.obj
 0001:000030cc       __scrt_initialize_onexit_tables 00000001800040cc f   LIBCMT:utility.obj
 0001:000031a4       __scrt_is_nonwritable_in_current_image 00000001800041a4 f   LIBCMT:utility.obj
 0001:00003240       __scrt_release_startup_lock 0000000180004240 f   LIBCMT:utility.obj
 0001:00003264       __scrt_uninitialize_crt    0000000180004264 f   LIBCMT:utility.obj
 0001:00003290       __scrt_get_dyn_tls_init_callback 0000000180004290 f   LIBCMT:dyn_tls_init.obj
 0001:00003298       __crt_debugger_hook        0000000180004298 f   LIBCMT:utility_desktop.obj
 0001:000032a0       __scrt_fastfail            00000001800042a0 f   LIBCMT:utility_desktop.obj
 0001:000033ec       _RTC_Initialize            00000001800043ec f   LIBCMT:initsect.obj
 0001:00003428       _RTC_Terminate             0000000180004428 f   LIBCMT:initsect.obj
 0001:00003464       _guard_check_icall_nop     0000000180004464 f i LIBCMT:guard_support.obj
 0001:00003468       ??_Etype_info@@UEAAPEAXI@Z 0000000180004468 f i LIBCMT:std_type_info_static.obj
 0001:00003468       ??_Gtype_info@@UEAAPEAXI@Z 0000000180004468 f i LIBCMT:std_type_info_static.obj
 0001:00003494       __isa_available_init       0000000180004494 f   LIBCMT:cpu_disp.obj
 0001:00003650       __scrt_is_ucrt_dll_in_use  0000000180004650 f   LIBCMT:ucrt_detection.obj
 0001:00003660       _purecall                  0000000180004660 f   libvcruntime:purevirt.obj
 0001:00003690       __C_specific_handler       0000000180004690 f   libvcruntime:riscchandler.obj
 0001:0000389c       __std_exception_copy       000000018000489c f   libvcruntime:std_exception.obj
 0001:0000392c       __std_exception_destroy    000000018000492c f   libvcruntime:std_exception.obj
 0001:00003954       _CxxThrowException         0000000180004954 f   libvcruntime:throw.obj
 0001:00003a14       __std_type_info_destroy_list 0000000180004a14 f   libvcruntime:std_type_info.obj
 0001:00003a40       __vcrt_initialize          0000000180004a40 f   libvcruntime:initialization.obj
 0001:00003a74       __vcrt_thread_attach       0000000180004a74 f   libvcruntime:initialization.obj
 0001:00003a88       __vcrt_thread_detach       0000000180004a88 f   libvcruntime:initialization.obj
 0001:00003a9c       __vcrt_uninitialize        0000000180004a9c f   libvcruntime:initialization.obj
 0001:00003abc       __vcrt_uninitialize_critical 0000000180004abc f   libvcruntime:initialization.obj
 0001:00003ae0       memset_repmovs             0000000180004ae0 f   libvcruntime:memset.obj
 0001:00003b00       memset                     0000000180004b00 f   libvcruntime:memset.obj
 0001:00003c90       __vcrt_initialize_pure_virtual_call_handler 0000000180004c90 f   libvcruntime:purevirt_data.obj
 0001:00003cb0       _NLG_Notify                0000000180004cb0 f   libvcruntime:notify.obj
 0001:00003cd0       __NLG_Dispatch2            0000000180004cd0 f   libvcruntime:notify.obj
 0001:00003ce0       __NLG_Return2              0000000180004ce0 f   libvcruntime:notify.obj
 0001:00003ce4       __except_validate_context_record 0000000180004ce4 f   libvcruntime:jbcxrval.obj
 0001:00003d1c       __DestructExceptionObject  0000000180004d1c f   libvcruntime:ehhelpers.obj
 0001:00003d90       ?_CallMemberFunction0@@YAXQEAX0@Z 0000000180004d90 f i libvcruntime:ehhelpers.obj
 0001:00003d94       __vcrt_freefls             0000000180004d94 f   libvcruntime:per_thread_data.obj
 0001:00003db4       __vcrt_freeptd             0000000180004db4 f   libvcruntime:per_thread_data.obj
 0001:00003e04       __vcrt_getptd_noexit       0000000180004e04 f   libvcruntime:per_thread_data.obj
 0001:00003ed0       __vcrt_initialize_ptd      0000000180004ed0 f   libvcruntime:per_thread_data.obj
 0001:00003f24       __vcrt_uninitialize_ptd    0000000180004f24 f   libvcruntime:per_thread_data.obj
 0001:00003f48       __vcrt_initialize_locks    0000000180004f48 f   libvcruntime:locks.obj
 0001:00003f90       __vcrt_uninitialize_locks  0000000180004f90 f   libvcruntime:locks.obj
 0001:000041a0       __vcrt_FlsAlloc            00000001800051a0 f   libvcruntime:winapi_downlevel.obj
 0001:000041e8       __vcrt_FlsFree             00000001800051e8 f   libvcruntime:winapi_downlevel.obj
 0001:00004230       __vcrt_FlsGetValue         0000000180005230 f   libvcruntime:winapi_downlevel.obj
 0001:00004278       __vcrt_FlsSetValue         0000000180005278 f   libvcruntime:winapi_downlevel.obj
 0001:000042cc       __vcrt_InitializeCriticalSectionEx 00000001800052cc f   libvcruntime:winapi_downlevel.obj
 0001:00004330       __vcrt_initialize_winapi_thunks 0000000180005330 f   libvcruntime:winapi_downlevel.obj
 0001:00004360       __vcrt_uninitialize_winapi_thunks 0000000180005360 f   libvcruntime:winapi_downlevel.obj
 0001:000043b0       memcpy_repmovs             00000001800053b0 f   libvcruntime:memcpy.obj
 0001:000043d0       memcpy                     00000001800053d0 f   libvcruntime:memcpy.obj
 0001:000043d0       memmove                    00000001800053d0 f   libvcruntime:memcpy.obj
 0001:00004820       _CallSettingFrame          0000000180005820 f   libvcruntime:handlers.obj
 0001:00004870       _CallSettingFrameEncoded   0000000180005870 f   libvcruntime:handlers.obj
 0001:000048b8       __acrt_call_reportfault    00000001800058b8 f   libucrt:invalid_parameter.obj
 0001:00004a14       __acrt_initialize_invalid_parameter_handler 0000000180005a14 f   libucrt:invalid_parameter.obj
 0001:00004a1c       _invalid_parameter         0000000180005a1c f   libucrt:invalid_parameter.obj
 0001:00004acc       _invalid_parameter_noinfo  0000000180005acc f   libucrt:invalid_parameter.obj
 0001:00004aec       _invalid_parameter_noinfo_noreturn 0000000180005aec f   libucrt:invalid_parameter.obj
 0001:00004b1c       _invoke_watson             0000000180005b1c f   libucrt:invalid_parameter.obj
 0001:00004b64       ??0_LocaleUpdate@@QEAA@QEAU__crt_locale_pointers@@@Z 0000000180005b64 f i libucrt:stricmp.obj
 0001:00004c00       __ascii_stricmp            0000000180005c00 f   libucrt:stricmp.obj
 0001:00004c40       _stricmp                   0000000180005c40 f   libucrt:stricmp.obj
 0001:00004c88       _stricmp_l                 0000000180005c88 f   libucrt:stricmp.obj
 0001:00004d3c       __acrt_initialize_new_handler 0000000180005d3c f   libucrt:new_handler.obj
 0001:00004d44       _callnewh                  0000000180005d44 f   libucrt:new_handler.obj
 0001:00004d74       _query_new_handler         0000000180005d74 f   libucrt:new_handler.obj
 0001:00004da8       malloc                     0000000180005da8 f   libucrt:malloc.obj
 0001:00004db0       _initterm                  0000000180005db0 f   libucrt:initterm.obj
 0001:00004e14       _initterm_e                0000000180005e14 f   libucrt:initterm.obj
 0001:00004e54       free                       0000000180005e54 f   libucrt:free.obj
 0001:00004e68       _seh_filter_dll            0000000180005e68 f   libucrt:exception_filter.obj
 0001:00004e7c       _seh_filter_exe            0000000180005e7c f   libucrt:exception_filter.obj
 0001:0000526c       __acrt_initialize_thread_local_exit_callback 000000018000626c f   libucrt:exit.obj
 0001:00005274       _cexit                     0000000180006274 f   libucrt:exit.obj
 0001:00005284       _exit                      0000000180006284 f   libucrt:exit.obj
 0001:00005290       _is_c_termination_complete 0000000180006290 f   libucrt:exit.obj
 0001:0000545c       __acrt_allocate_buffer_for_argv 000000018000645c f   libucrt:argv_parsing.obj
 0001:000054bc       _configure_narrow_argv     00000001800064bc f   libucrt:argv_parsing.obj
 0001:00005834       __dcrt_uninitialize_environments_nolock 0000000180006834 f   libucrt:environment_initialization.obj
 0001:0000586c       _initialize_narrow_environment 000000018000686c f   libucrt:environment_initialization.obj
 0001:000059c8       _execute_onexit_table      00000001800069c8 f   libucrt:onexit.obj
 0001:00005a04       _initialize_onexit_table   0000000180006a04 f   libucrt:onexit.obj
 0001:00005a64       __acrt_uninitialize_command_line 0000000180006a64 f   libucrt:argv_data.obj
 0001:00005b5c       __acrt_initialize          0000000180006b5c f   libucrt:initialization.obj
 0001:00005b70       __acrt_thread_attach       0000000180006b70 f   libucrt:initialization.obj
 0001:00005b84       __acrt_thread_detach       0000000180006b84 f   libucrt:initialization.obj
 0001:00005b94       __acrt_uninitialize        0000000180006b94 f   libucrt:initialization.obj
 0001:00005bcc       __acrt_uninitialize_critical 0000000180006bcc f   libucrt:initialization.obj
 0001:00005bdc       terminate                  0000000180006bdc f   libucrt:terminate.obj
 0001:00005bfc       abort                      0000000180006bfc f   libucrt:abort.obj
 0001:00005c54       strcpy_s                   0000000180006c54 f   libucrt:strcpy_s.obj
 0001:00005cd0       strncmp                    0000000180006cd0 f   libucrt:strncmp.obj
 0001:00005d50       calloc                     0000000180006d50 f   libucrt:calloc.obj
 0001:00005d58       wcsncmp                    0000000180006d58 f   libucrt:wcsncmp.obj
 0001:000060fc       __acrt_freeptd             00000001800070fc f   libucrt:per_thread_data.obj
 0001:00006140       __acrt_getptd              0000000180007140 f   libucrt:per_thread_data.obj
 0001:00006214       __acrt_getptd_head         0000000180007214 f   libucrt:per_thread_data.obj
 0001:000062bc       __acrt_getptd_noexit       00000001800072bc f   libucrt:per_thread_data.obj
 0001:00006388       __acrt_initialize_ptd      0000000180007388 f   libucrt:per_thread_data.obj
 0001:000063c4       __acrt_uninitialize_ptd    00000001800073c4 f   libucrt:per_thread_data.obj
 0001:00006448       _tolower_l                 0000000180007448 f   libucrt:tolower_toupper.obj
 0001:00006588       __acrt_errno_from_os_error 0000000180007588 f   libucrt:errno.obj
 0001:000065d0       __acrt_errno_map_os_error  00000001800075d0 f   libucrt:errno.obj
 0001:00006620       __doserrno                 0000000180007620 f   libucrt:errno.obj
 0001:00006640       _errno                     0000000180007640 f   libucrt:errno.obj
 0001:00006660       __acrt_update_locale_info  0000000180007660 f   libucrt:locale_update.obj
 0001:00006694       __acrt_update_multibyte_info 0000000180007694 f   libucrt:locale_update.obj
 0001:00006738       __acrt_set_locale_changed  0000000180007738 f   libucrt:wsetlocale.obj
 0001:00006744       __acrt_uninitialize_locale 0000000180007744 f   libucrt:wsetlocale.obj
 0001:00006774       __acrt_initialize_locks    0000000180007774 f   libucrt:locks.obj
 0001:000067bc       __acrt_lock                00000001800077bc f   libucrt:locks.obj
 0001:000067d8       __acrt_uninitialize_locks  00000001800077d8 f   libucrt:locks.obj
 0001:00006810       __acrt_unlock              0000000180007810 f   libucrt:locks.obj
 0001:0000682c       _malloc_base               000000018000782c f   libucrt:malloc_base.obj
 0001:0000688c       _free_base                 000000018000788c f   libucrt:free_base.obj
 0001:000068cc       __acrt_get_process_end_policy 00000001800078cc f   libucrt:win_policies.obj
 0001:00006908       _calloc_base               0000000180007908 f   libucrt:calloc_base.obj
 0001:00006994       ??$__acrt_mbs_to_wcs_cp@U__crt_win32_buffer_internal_dynamic_resizing@@@@YAHQEBDAEAV?$__crt_win32_buffer@_WU__crt_win32_buffer_internal_dynamic_resizing@@@@I@Z 0000000180007994 f i libucrt:argv_wildcards.obj
 0001:00006b0c       ??$__acrt_wcs_to_mbs_cp@U__crt_win32_buffer_internal_dynamic_resizing@@@@YAHQEB_WAEAV?$__crt_win32_buffer@DU__crt_win32_buffer_internal_dynamic_resizing@@@@I@Z 0000000180007b0c f i libucrt:argv_wildcards.obj
 0001:0000733c       __acrt_expand_narrow_argv_wildcards 000000018000833c f   libucrt:argv_wildcards.obj
 0001:00007344       ??$__acrt_wcs_to_mbs_cp@U__crt_win32_buffer_no_resizing@@@@YAHQEB_WAEAV?$__crt_win32_buffer@DU__crt_win32_buffer_no_resizing@@@@I@Z 0000000180008344 f i libucrt:getmodulefilenamea.obj
 0001:00007458       __acrt_GetModuleFileNameA  0000000180008458 f   libucrt:getmodulefilenamea.obj
 0001:00007ca4       __acrt_initialize_multibyte 0000000180008ca4 f   libucrt:mbctype.obj
 0001:00007d04       __acrt_update_thread_multibyte_data 0000000180008d04 f   libucrt:mbctype.obj
 0001:00007d20       _setmbcp_nolock            0000000180008d20 f   libucrt:mbctype.obj
 0001:00008054       _ismbblead                 0000000180009054 f   libucrt:ismbbyte.obj
 0001:00008068       __acrt_initialize_command_line 0000000180009068 f   libucrt:argv_data.obj
 0001:00008090       __acrt_MultiByteToWideChar 0000000180009090 f   libucrt:multibytetowidechar.obj
 0001:000080ec       __acrt_WideCharToMultiByte 00000001800090ec f   libucrt:widechartomultibyte.obj
 0001:00008184       __dcrt_get_narrow_environment_from_os 0000000180009184 f   libucrt:get_environment_from_os.obj
 0001:00008288       _recalloc_base             0000000180009288 f   libucrt:recalloc.obj
 0001:000084f8       __acrt_AppPolicyGetProcessTerminationMethodInternal 00000001800094f8 f   libucrt:winapi_thunks.obj
 0001:00008548       __acrt_AreFileApisANSI     0000000180009548 f   libucrt:winapi_thunks.obj
 0001:00008584       __acrt_FlsAlloc            0000000180009584 f   libucrt:winapi_thunks.obj
 0001:000085cc       __acrt_FlsFree             00000001800095cc f   libucrt:winapi_thunks.obj
 0001:00008614       __acrt_FlsGetValue         0000000180009614 f   libucrt:winapi_thunks.obj
 0001:0000865c       __acrt_FlsSetValue         000000018000965c f   libucrt:winapi_thunks.obj
 0001:000086b0       __acrt_InitializeCriticalSectionEx 00000001800096b0 f   libucrt:winapi_thunks.obj
 0001:00008714       __acrt_LCMapStringEx       0000000180009714 f   libucrt:winapi_thunks.obj
 0001:000087f0       __acrt_LocaleNameToLCID    00000001800097f0 f   libucrt:winapi_thunks.obj
 0001:00008840       __acrt_initialize_winapi_thunks 0000000180009840 f   libucrt:winapi_thunks.obj
 0001:00008874       __acrt_uninitialize_winapi_thunks 0000000180009874 f   libucrt:winapi_thunks.obj
 0001:000088b8       __acrt_initialize_heap     00000001800098b8 f   libucrt:heap_handle.obj
 0001:000088d4       __acrt_uninitialize_heap   00000001800098d4 f   libucrt:heap_handle.obj
 0001:00008adc       __acrt_initialize_lowio    0000000180009adc f   libucrt:ioinit.obj
 0001:00008b18       __acrt_uninitialize_lowio  0000000180009b18 f   libucrt:ioinit.obj
 0001:00008b58       __acrt_execute_initializers 0000000180009b58 f   libucrt:shared_initialization.obj
 0001:00008bd8       __acrt_execute_uninitializers 0000000180009bd8 f   libucrt:shared_initialization.obj
 0001:00008c5c       __acrt_get_sigabrt_handler 0000000180009c5c f   libucrt:signal.obj
 0001:00008c8c       __acrt_initialize_signal_handlers 0000000180009c8c f   libucrt:signal.obj
 0001:00008cac       raise                      0000000180009cac f   libucrt:signal.obj
 0001:00008f18       __acrt_has_user_matherr    0000000180009f18 f   libucrt:matherr.obj
 0001:00008f38       __acrt_initialize_user_matherr 0000000180009f38 f   libucrt:matherr.obj
 0001:00008f40       __acrt_invoke_user_matherr 0000000180009f40 f   libucrt:matherr.obj
 0001:0000914c       __acrt_stdio_flush_nolock  000000018000a14c f   libucrt:fflush.obj
 0001:000091c8       _fflush_nolock             000000018000a1c8 f   libucrt:fflush.obj
 0001:00009214       _flushall                  000000018000a214 f   libucrt:fflush.obj
 0001:0000921c       __acrt_initialize_stdio    000000018000a21c f   libucrt:_file.obj
 0001:0000933c       __acrt_uninitialize_stdio  000000018000a33c f   libucrt:_file.obj
 0001:00009398       _lock_file                 000000018000a398 f   libucrt:_file.obj
 0001:000093a4       _unlock_file               000000018000a3a4 f   libucrt:_file.obj
 0001:000093b0       _mbtowc_l                  000000018000a3b0 f   libucrt:mbtowc.obj
 0001:0000952c       mbtowc                     000000018000a52c f   libucrt:mbtowc.obj
 0001:00009534       _fileno                    000000018000a534 f   libucrt:fileno.obj
 0001:0000955c       __pctype_func              000000018000a55c f   libucrt:ctype.obj
 0001:0000958c       _isctype_l                 000000018000a58c f   libucrt:isctype.obj
 0001:0000969c       __acrt_add_locale_ref      000000018000a69c f   libucrt:locale_refcounting.obj
 0001:00009728       __acrt_free_locale         000000018000a728 f   libucrt:locale_refcounting.obj
 0001:000098a0       __acrt_locale_add_lc_time_reference 000000018000a8a0 f   libucrt:locale_refcounting.obj
 0001:000098c8       __acrt_locale_free_lc_time_if_unreferenced 000000018000a8c8 f   libucrt:locale_refcounting.obj
 0001:00009900       __acrt_locale_release_lc_time_reference 000000018000a900 f   libucrt:locale_refcounting.obj
 0001:00009928       __acrt_release_locale_ref  000000018000a928 f   libucrt:locale_refcounting.obj
 0001:000099d0       __acrt_update_thread_locale_data 000000018000a9d0 f   libucrt:locale_refcounting.obj
 0001:00009a40       _updatetlocinfoEx_nolock   000000018000aa40 f   libucrt:locale_refcounting.obj
 0001:00009aa8       _isleadbyte_l              000000018000aaa8 f i libucrt:_wctype.obj
 0001:00009e0c       __acrt_LCMapStringA        000000018000ae0c f   libucrt:lcmapstringa.obj
 0001:00009ea4       __acrt_locale_free_monetary 000000018000aea4 f   libucrt:initmon.obj
 0001:00009fb0       __acrt_locale_free_numeric 000000018000afb0 f   libucrt:initnum.obj
 0001:0000a074       __acrt_locale_free_time    000000018000b074 f   libucrt:inittime.obj
 0001:0000a17c       __acrt_GetStringTypeA      000000018000b17c f   libucrt:getstringtypea.obj
 0001:0000a30c       _query_new_mode            000000018000b30c f   libucrt:new_mode.obj
 0001:0000a320       qsort                      000000018000b320 f   libucrt:qsort.obj
 0001:0000a6e0       strncpy_s                  000000018000b6e0 f   libucrt:strncpy_s.obj
 0001:0000a860       strpbrk                    000000018000b860 f   libucrt:strpbrk.obj
 0001:0000ac40       _mbsdec                    000000018000bc40 f   libucrt:mbsdec.obj
 0001:0000ac48       _mbsdec_l                  000000018000bc48 f   libucrt:mbsdec.obj
 0001:0000acf4       _msize_base                000000018000bcf4 f   libucrt:msize.obj
 0001:0000ad30       _realloc_base              000000018000bd30 f   libucrt:realloc_base.obj
 0001:0000ae94       __acrt_DownlevelLocaleNameToLCID 000000018000be94 f   libucrt:lcidtoname_downlevel.obj
 0001:0000aec8       __acrt_lowio_create_handle_array 000000018000bec8 f   libucrt:osfinfo.obj
 0001:0000af70       __acrt_lowio_destroy_handle_array 000000018000bf70 f   libucrt:osfinfo.obj
 0001:0000afc0       __acrt_lowio_ensure_fh_exists 000000018000bfc0 f   libucrt:osfinfo.obj
 0001:0000b068       __acrt_lowio_lock_fh       000000018000c068 f   libucrt:osfinfo.obj
 0001:0000b090       __acrt_lowio_unlock_fh     000000018000c090 f   libucrt:osfinfo.obj
 0001:0000b0b8       _free_osfhnd               000000018000c0b8 f   libucrt:osfinfo.obj
 0001:0000b174       _get_osfhandle             000000018000c174 f   libucrt:osfinfo.obj
 0001:0000b278       _commit                    000000018000c278 f   libucrt:commit.obj
 0001:0000bb78       _write                     000000018000cb78 f   libucrt:write.obj
 0001:0000bc64       _write_nolock              000000018000cc64 f   libucrt:write.obj
 0001:0000bf40       _fcloseall                 000000018000cf40 f   libucrt:closeall.obj
 0001:0000bff4       __acrt_stdio_free_buffer_nolock 000000018000cff4 f   libucrt:_freebuf.obj
 0001:0000c034       _isatty                    000000018000d034 f   libucrt:isatty.obj
 0001:0000c094       ?__mbrtowc_utf8@__crt_mbstring@@YA_KPEA_WPEBD_KPEAU_Mbstatet@@@Z 000000018000d094 f   libucrt:mbrtowc.obj
 0001:0000c0d0       ?__mbsrtowcs_utf8@__crt_mbstring@@YA_KPEA_WPEAPEBD_KPEAU_Mbstatet@@@Z 000000018000d0d0 f   libucrt:mbrtowc.obj
 0001:0000c248       __strncnt                  000000018000d248 f   libucrt:strncnt.obj
 0001:0000c260       _query_app_type            000000018000d260 f   libucrt:report_runtime_error.obj
 0001:0000c304       _lseeki64_nolock           000000018000d304 f   libucrt:lseek.obj
 0001:0000c30c       _putwch_nolock             000000018000d30c f   libucrt:putwch.obj
 0001:0000c348       _fclose_nolock             000000018000d348 f   libucrt:fclose.obj
 0001:0000c3cc       fclose                     000000018000d3cc f   libucrt:fclose.obj
 0001:0000c430       ?__mbrtoc32_utf8@__crt_mbstring@@YA_KPEA_UPEBD_KPEAU_Mbstatet@@@Z 000000018000d430 f   libucrt:mbrtoc32.obj
 0001:0000c610       log10                      000000018000d610 f   libucrt:log10.obj
 0001:0000cbbc       __dcrt_lowio_ensure_console_output_initialized 000000018000dbbc f   libucrt:initcon.obj
 0001:0000cc10       __dcrt_terminate_console_output 000000018000dc10 f   libucrt:initcon.obj
 0001:0000cc2c       __dcrt_write_console       000000018000dc2c f   libucrt:initcon.obj
 0001:0000cd60       _close                     000000018000dd60 f   libucrt:close.obj
 0001:0000ce04       _close_nolock              000000018000de04 f   libucrt:close.obj
 0001:0000cec4       ?__acrt_stdio_free_stream@@YAXV__crt_stdio_stream@@@Z 000000018000dec4 f   libucrt:stream.obj
 0001:0000d004       _handle_error              000000018000e004 f   libucrt:libm_error.obj
 0001:0000d130       __acrt_initialize_fma3     000000018000e130 f   libucrt:fma3_available.obj
 0001:0000d1a0       _log10_special             000000018000e1a0 f   libucrt:log_special.obj
 0001:0000d270       _get_fpsr                  000000018000e270 f   libucrt:fpsr.obj
 0001:0000d280       _set_fpsr                  000000018000e280 f   libucrt:fpsr.obj
 0001:0000d28a       _fclrf                     000000018000e28a f   libucrt:fpsr.obj
 0001:0000d29e       _frnd                      000000018000e29e f   libucrt:fpsr.obj
 0001:0000d2c0       _raise_exc                 000000018000e2c0 f   libucrt:fpexcept.obj
 0001:0000d2e8       _raise_exc_ex              000000018000e2e8 f   libucrt:fpexcept.obj
 0001:0000d5f8       _set_errno_from_matherr    000000018000e5f8 f   libucrt:fpexcept.obj
 0001:0000d628       _clrfp                     000000018000e628 f   libucrt:fpctrl.obj
 0001:0000d648       _ctrlfp                    000000018000e648 f   libucrt:fpctrl.obj
 0001:0000d6c4       _set_statfp                000000018000e6c4 f   libucrt:fpctrl.obj
 0001:0000d6e4       _statfp                    000000018000e6e4 f   libucrt:fpctrl.obj
 0001:0000d6f5       IsProcessorFeaturePresent  000000018000e6f5 f   kernel32:KERNEL32.dll
 0001:0000d6fc       ?DloadAcquireSectionWriteAccess@@YAXXZ 000000018000e6fc f i DelayImp:delayhlp.obj
 0001:0000d7a8       ?DloadGetSRWLockFunctionPointers@@YAEXZ 000000018000e7a8 f i DelayImp:delayhlp.obj
 0001:0000d844       ?DloadMakePermanentImageCommit@@YAXPEAX_K@Z 000000018000e844 f i DelayImp:delayhlp.obj
 0001:0000d8dc       ?DloadObtainSection@@YAPEAXPEAK0@Z 000000018000e8dc f i DelayImp:delayhlp.obj
 0001:0000d978       ?DloadProtectSection@@YAXKPEAK@Z 000000018000e978 f i DelayImp:delayhlp.obj
 0001:0000da08       ?DloadReleaseSectionWriteAccess@@YAXXZ 000000018000ea08 f i DelayImp:delayhlp.obj
 0001:0000da9c       __delayLoadHelper2         000000018000ea9c f   DelayImp:delayhlp.obj
 0001:0000dd60       _FindPESection             000000018000ed60 f   LIBCMT:pesect.obj
 0001:0000ddb0       _IsNonwritableInCurrentImage 000000018000edb0 f   LIBCMT:pesect.obj
 0001:0000de00       _ValidateImageBase         000000018000ee00 f   LIBCMT:pesect.obj
 0001:0000de30       __GSHandlerCheck           000000018000ee30 f   LIBCMT:gshandler.obj
 0001:0000de50       __GSHandlerCheckCommon     000000018000ee50 f   LIBCMT:gshandler.obj
 0001:0000dec0       __chkstk                   000000018000eec0 f   LIBCMT:chkstk.obj
 0001:0000dec0       _alloca_probe              000000018000eec0 f   LIBCMT:chkstk.obj
 0001:0000df30       memcmp                     000000018000ef30 f   libvcruntime:memcmp.obj
 0001:0000e010       _guard_dispatch_icall_nop  000000018000f010 f   LIBCMT:guard_dispatch.obj
 0002:00000000       __imp_GetModuleHandleA     0000000180010000     kernel32:KERNEL32.dll
 0002:00000008       __imp_LoadLibraryExA       0000000180010008     kernel32:KERNEL32.dll
 0002:00000010       __imp_RtlCaptureContext    0000000180010010     kernel32:KERNEL32.dll
 0002:00000018       __imp_RtlLookupFunctionEntry 0000000180010018     kernel32:KERNEL32.dll
 0002:00000020       __imp_RtlVirtualUnwind     0000000180010020     kernel32:KERNEL32.dll
 0002:00000028       __imp_UnhandledExceptionFilter 0000000180010028     kernel32:KERNEL32.dll
 0002:00000030       __imp_SetUnhandledExceptionFilter 0000000180010030     kernel32:KERNEL32.dll
 0002:00000038       __imp_GetCurrentProcess    0000000180010038     kernel32:KERNEL32.dll
 0002:00000040       __imp_TerminateProcess     0000000180010040     kernel32:KERNEL32.dll
 0002:00000048       __imp_IsProcessorFeaturePresent 0000000180010048     kernel32:KERNEL32.dll
 0002:00000050       __imp_QueryPerformanceCounter 0000000180010050     kernel32:KERNEL32.dll
 0002:00000058       __imp_GetCurrentProcessId  0000000180010058     kernel32:KERNEL32.dll
 0002:00000060       __imp_GetCurrentThreadId   0000000180010060     kernel32:KERNEL32.dll
 0002:00000068       __imp_GetSystemTimeAsFileTime 0000000180010068     kernel32:KERNEL32.dll
 0002:00000070       __imp_InitializeSListHead  0000000180010070     kernel32:KERNEL32.dll
 0002:00000078       __imp_IsDebuggerPresent    0000000180010078     kernel32:KERNEL32.dll
 0002:00000080       __imp_GetStartupInfoW      0000000180010080     kernel32:KERNEL32.dll
 0002:00000088       __imp_GetModuleHandleW     0000000180010088     kernel32:KERNEL32.dll
 0002:00000090       __imp_RtlUnwindEx          0000000180010090     kernel32:KERNEL32.dll
 0002:00000098       __imp_RtlPcToFileHeader    0000000180010098     kernel32:KERNEL32.dll
 0002:000000a0       __imp_RaiseException       00000001800100a0     kernel32:KERNEL32.dll
 0002:000000a8       __imp_InterlockedFlushSList 00000001800100a8     kernel32:KERNEL32.dll
 0002:000000b0       __imp_GetLastError         00000001800100b0     kernel32:KERNEL32.dll
 0002:000000b8       __imp_SetLastError         00000001800100b8     kernel32:KERNEL32.dll
 0002:000000c0       __imp_EnterCriticalSection 00000001800100c0     kernel32:KERNEL32.dll
 0002:000000c8       __imp_LeaveCriticalSection 00000001800100c8     kernel32:KERNEL32.dll
 0002:000000d0       __imp_DeleteCriticalSection 00000001800100d0     kernel32:KERNEL32.dll
 0002:000000d8       __imp_InitializeCriticalSectionAndSpinCount 00000001800100d8     kernel32:KERNEL32.dll
 0002:000000e0       __imp_TlsAlloc             00000001800100e0     kernel32:KERNEL32.dll
 0002:000000e8       __imp_TlsGetValue          00000001800100e8     kernel32:KERNEL32.dll
 0002:000000f0       __imp_TlsSetValue          00000001800100f0     kernel32:KERNEL32.dll
 0002:000000f8       __imp_TlsFree              00000001800100f8     kernel32:KERNEL32.dll
 0002:00000100       __imp_FreeLibrary          0000000180010100     kernel32:KERNEL32.dll
 0002:00000108       __imp_GetProcAddress       0000000180010108     kernel32:KERNEL32.dll
 0002:00000110       __imp_LoadLibraryExW       0000000180010110     kernel32:KERNEL32.dll
 0002:00000118       __imp_ExitProcess          0000000180010118     kernel32:KERNEL32.dll
 0002:00000120       __imp_GetModuleHandleExW   0000000180010120     kernel32:KERNEL32.dll
 0002:00000128       __imp_GetModuleFileNameW   0000000180010128     kernel32:KERNEL32.dll
 0002:00000130       __imp_HeapAlloc            0000000180010130     kernel32:KERNEL32.dll
 0002:00000138       __imp_HeapFree             0000000180010138     kernel32:KERNEL32.dll
 0002:00000140       __imp_FindClose            0000000180010140     kernel32:KERNEL32.dll
 0002:00000148       __imp_FindFirstFileExW     0000000180010148     kernel32:KERNEL32.dll
 0002:00000150       __imp_FindNextFileW        0000000180010150     kernel32:KERNEL32.dll
 0002:00000158       __imp_IsValidCodePage      0000000180010158     kernel32:KERNEL32.dll
 0002:00000160       __imp_GetACP               0000000180010160     kernel32:KERNEL32.dll
 0002:00000168       __imp_GetOEMCP             0000000180010168     kernel32:KERNEL32.dll
 0002:00000170       __imp_GetCPInfo            0000000180010170     kernel32:KERNEL32.dll
 0002:00000178       __imp_GetCommandLineA      0000000180010178     kernel32:KERNEL32.dll
 0002:00000180       __imp_GetCommandLineW      0000000180010180     kernel32:KERNEL32.dll
 0002:00000188       __imp_MultiByteToWideChar  0000000180010188     kernel32:KERNEL32.dll
 0002:00000190       __imp_WideCharToMultiByte  0000000180010190     kernel32:KERNEL32.dll
 0002:00000198       __imp_GetEnvironmentStringsW 0000000180010198     kernel32:KERNEL32.dll
 0002:000001a0       __imp_FreeEnvironmentStringsW 00000001800101a0     kernel32:KERNEL32.dll
 0002:000001a8       __imp_LCMapStringW         00000001800101a8     kernel32:KERNEL32.dll
 0002:000001b0       __imp_GetProcessHeap       00000001800101b0     kernel32:KERNEL32.dll
 0002:000001b8       __imp_GetStdHandle         00000001800101b8     kernel32:KERNEL32.dll
 0002:000001c0       __imp_GetFileType          00000001800101c0     kernel32:KERNEL32.dll
 0002:000001c8       __imp_GetStringTypeW       00000001800101c8     kernel32:KERNEL32.dll
 0002:000001d0       __imp_HeapSize             00000001800101d0     kernel32:KERNEL32.dll
 0002:000001d8       __imp_HeapReAlloc          00000001800101d8     kernel32:KERNEL32.dll
 0002:000001e0       __imp_SetStdHandle         00000001800101e0     kernel32:KERNEL32.dll
 0002:000001e8       __imp_FlushFileBuffers     00000001800101e8     kernel32:KERNEL32.dll
 0002:000001f0       __imp_WriteFile            00000001800101f0     kernel32:KERNEL32.dll
 0002:000001f8       __imp_GetConsoleCP         00000001800101f8     kernel32:KERNEL32.dll
 0002:00000200       __imp_GetConsoleMode       0000000180010200     kernel32:KERNEL32.dll
 0002:00000208       __imp_SetFilePointerEx     0000000180010208     kernel32:KERNEL32.dll
 0002:00000210       __imp_CreateFileW          0000000180010210     kernel32:KERNEL32.dll
 0002:00000218       __imp_CloseHandle          0000000180010218     kernel32:KERNEL32.dll
 0002:00000220       __imp_WriteConsoleW        0000000180010220     kernel32:KERNEL32.dll
 0002:00000228       __imp_GetSystemInfo        0000000180010228     kernel32:KERNEL32.dll
 0002:00000230       __imp_VirtualProtect       0000000180010230     kernel32:KERNEL32.dll
 0002:00000238       __imp_VirtualQuery         0000000180010238     kernel32:KERNEL32.dll
 0002:00000240       \177KERNEL32_NULL_THUNK_DATA 0000000180010240     kernel32:KERNEL32.dll
 0002:00000248       __guard_check_icall_fptr   0000000180010248     LIBCMT:guard_support.obj
 0002:00000250       __guard_dispatch_icall_fptr 0000000180010250     LIBCMT:guard_support.obj
 0002:00000258       __xc_a                     0000000180010258     LIBCMT:initializers.obj
 0002:00000260       _register_addon_           0000000180010260     addon.obj
 0002:00000268       __xc_z                     0000000180010268     LIBCMT:initializers.obj
 0002:00000270       __xi_a                     0000000180010270     LIBCMT:initializers.obj
 0002:00000278       __acrt_multibyte_initializer 0000000180010278     libucrt:multibyte_initializer.obj
 0002:00000280       __acrt_stdio_initializer   0000000180010280     libucrt:stdio_initializer.obj
 0002:00000288       __acrt_tran_fma3_initializer 0000000180010288     libucrt:fma3_initializer.obj
 0002:00000290       __xi_z                     0000000180010290     LIBCMT:initializers.obj
 0002:00000298       __xp_a                     0000000180010298     LIBCMT:initializers.obj
 0002:000002a0       __acrt_locale_terminator   00000001800102a0     libucrt:locale_initializer.obj
 0002:000002a8       __dcrt_console_output_terminator 00000001800102a8     libucrt:console_output_initializer.obj
 0002:000002b0       __acrt_stdio_terminator    00000001800102b0     libucrt:stdio_initializer.obj
 0002:000002b8       __xp_z                     00000001800102b8     LIBCMT:initializers.obj
 0002:000002c0       __xt_a                     00000001800102c0     LIBCMT:initializers.obj
 0002:000002c8       __xt_z                     00000001800102c8     LIBCMT:initializers.obj
 0002:000002d0       __sz_node_exe              00000001800102d0     node:node.exe
 0002:000002e0       _pDefaultRawDllMain        00000001800102e0     LIBCMT:dll_dllmain.obj
 0002:000002e0       _pRawDllMain               00000001800102e0     LIBCMT:dll_dllmain.obj
 0002:00000300       ??_7exception@std@@6B@     0000000180010300     LIBCMT:throw_bad_alloc.obj
 0002:00000310       ??_C@_0BC@EOODALEL@Unknown?5exception@ 0000000180010310     LIBCMT:throw_bad_alloc.obj
 0002:00000330       ??_7bad_alloc@std@@6B@     0000000180010330     LIBCMT:throw_bad_alloc.obj
 0002:00000340       ??_C@_0P@GHFPNOJB@bad?5allocation@ 0000000180010340     LIBCMT:throw_bad_alloc.obj
 0002:00000358       ??_7bad_array_new_length@std@@6B@ 0000000180010358     LIBCMT:throw_bad_alloc.obj
 0002:00000368       ??_C@_0BF@KINCDENJ@bad?5array?5new?5length@ 0000000180010368     LIBCMT:throw_bad_alloc.obj
 0002:00000388       ??_7type_info@@6B@         0000000180010388     LIBCMT:std_type_info_static.obj
 0002:000003d0       _pDestructExceptionObject  00000001800103d0     libvcruntime:ehhelpers.obj
 0002:00000718       ??_C@_08EHJDFFNH@__based?$CI@ 0000000180010718     libvcruntime:undname.obj
 0002:00000728       ??_C@_07KOLFKCDI@__cdecl@  0000000180010728     libvcruntime:undname.obj
 0002:00000730       ??_C@_08GHMPAG@__pascal@   0000000180010730     libvcruntime:undname.obj
 0002:00000740       ??_C@_09IFJBGAPI@__stdcall@ 0000000180010740     libvcruntime:undname.obj
 0002:00000750       ??_C@_0L@NPHFGOKO@__thiscall@ 0000000180010750     libvcruntime:undname.obj
 0002:00000760       ??_C@_0L@JMKHOMEK@__fastcall@ 0000000180010760     libvcruntime:undname.obj
 0002:00000770       ??_C@_0N@BCKKPABJ@__vectorcall@ 0000000180010770     libvcruntime:undname.obj
 0002:00000780       ??_C@_09HIJEGCPM@__clrcall@ 0000000180010780     libvcruntime:undname.obj
 0002:0000078c       ??_C@_06GHPCKEAG@__eabi@   000000018001078c     libvcruntime:undname.obj
 0002:00000798       ??_C@_09IOPIDJLG@__swift_1@ 0000000180010798     libvcruntime:undname.obj
 0002:000007a8       ??_C@_09KFNFGKHF@__swift_2@ 00000001800107a8     libvcruntime:undname.obj
 0002:000007b8       ??_C@_07JOMMBBKO@__ptr64@  00000001800107b8     libvcruntime:undname.obj
 0002:000007c0       ??_C@_0L@PILCLIHE@__restrict@ 00000001800107c0     libvcruntime:undname.obj
 0002:000007d0       ??_C@_0M@GFIIJFMG@__unaligned@ 00000001800107d0     libvcruntime:undname.obj
 0002:000007e0       ??_C@_09DHDLOLLB@restrict?$CI@ 00000001800107e0     libvcruntime:undname.obj
 0002:000007ea       ??_C@_00CNPNBAHC@@         00000001800107ea     libvcruntime:undname.obj
 0002:000007ec       ??_C@_04NIHEBCM@?5new@     00000001800107ec     libvcruntime:undname.obj
 0002:000007f8       ??_C@_07FPCDHGMM@?5delete@ 00000001800107f8     libvcruntime:undname.obj
 0002:00000800       ??_C@_01NEMOKFLO@?$DN@     0000000180010800     libvcruntime:undname.obj
 0002:00000804       ??_C@_02GPIOPFAK@?$DO?$DO@ 0000000180010804     libvcruntime:undname.obj
 0002:00000808       ??_C@_02FODMEDOG@?$DM?$DM@ 0000000180010808     libvcruntime:undname.obj
 0002:0000080c       ??_C@_01DCLJPIOD@?$CB@     000000018001080c     libvcruntime:undname.obj
 0002:00000810       ??_C@_02EGOFBIJA@?$DN?$DN@ 0000000180010810     libvcruntime:undname.obj
 0002:00000814       ??_C@_02FDNJECIE@?$CB?$DN@ 0000000180010814     libvcruntime:undname.obj
 0002:00000818       ??_C@_02GPECMEKF@?$FL?$FN@ 0000000180010818     libvcruntime:undname.obj
 0002:00000820       ??_C@_08LHJFAFGD@operator@ 0000000180010820     libvcruntime:undname.obj
 0002:0000082c       ??_C@_02HBOOOICD@?9?$DO@   000000018001082c     libvcruntime:undname.obj
 0002:00000830       ??_C@_01NBENCBCI@?$CK@     0000000180010830     libvcruntime:undname.obj
 0002:00000834       ??_C@_02ECNGHCIF@?$CL?$CL@ 0000000180010834     libvcruntime:undname.obj
 0002:00000838       ??_C@_02BAABKJLB@?9?9@     0000000180010838     libvcruntime:undname.obj
 0002:0000083c       ??_C@_01JOAMLHOP@?9@       000000018001083c     libvcruntime:undname.obj
 0002:00000840       ??_C@_01MIFGBAGJ@?$CL@     0000000180010840     libvcruntime:undname.obj
 0002:00000844       ??_C@_01HNPIGOCE@?$CG@     0000000180010844     libvcruntime:undname.obj
 0002:00000848       ??_C@_03MNHNFDLC@?9?$DO?$CK@ 0000000180010848     libvcruntime:undname.obj
 0002:0000084c       ??_C@_01KMDKNFGN@?1@       000000018001084c     libvcruntime:undname.obj
 0002:00000850       ??_C@_01FGNFDNOH@?$CF@     0000000180010850     libvcruntime:undname.obj
 0002:00000854       ??_C@_01MNNFJEPP@?$DM@     0000000180010854     libvcruntime:undname.obj
 0002:00000858       ??_C@_02EHCHHCKH@?$DM?$DN@ 0000000180010858     libvcruntime:undname.obj
 0002:0000085c       ??_C@_01PPODPGHN@?$DO@     000000018001085c     libvcruntime:undname.obj
 0002:00000860       ??_C@_02EEKDKGMJ@?$DO?$DN@ 0000000180010860     libvcruntime:undname.obj
 0002:00000864       ??_C@_01IHBHIGKO@?0@       0000000180010864     libvcruntime:undname.obj
 0002:00000868       ??_C@_02HCKGKOFO@?$CI?$CJ@ 0000000180010868     libvcruntime:undname.obj
 0002:0000086c       ??_C@_01PJKLJHI@?$HO@      000000018001086c     libvcruntime:undname.obj
 0002:00000870       ??_C@_01JKBOJNNK@?$FO@     0000000180010870     libvcruntime:undname.obj
 0002:00000874       ??_C@_01DNKMNLPK@?$HM@     0000000180010874     libvcruntime:undname.obj
 0002:00000878       ??_C@_02PPKAJPJL@?$CG?$CG@ 0000000180010878     libvcruntime:undname.obj
 0002:0000087c       ??_C@_02NONPIBCD@?$HM?$HM@ 000000018001087c     libvcruntime:undname.obj
 0002:00000880       ??_C@_02FPIMKNGF@?$CK?$DN@ 0000000180010880     libvcruntime:undname.obj
 0002:00000884       ??_C@_02FOEOMHFC@?$CL?$DN@ 0000000180010884     libvcruntime:undname.obj
 0002:00000888       ??_C@_02FKMDLLOA@?9?$DN@   0000000180010888     libvcruntime:undname.obj
 0002:0000088c       ??_C@_02FJEHGPIO@?1?$DN@   000000018001088c     libvcruntime:undname.obj
 0002:00000890       ??_C@_02FENAOKFI@?$CF?$DN@ 0000000180010890     libvcruntime:undname.obj
 0002:00000894       ??_C@_03IKFCCPFF@?$DO?$DO?$DN@ 0000000180010894     libvcruntime:undname.obj
 0002:00000898       ??_C@_03CDNPDDLA@?$DM?$DM?$DN@ 0000000180010898     libvcruntime:undname.obj
 0002:0000089c       ??_C@_02FGJGFEAB@?$CG?$DN@ 000000018001089c     libvcruntime:undname.obj
 0002:000008a0       ??_C@_02DHLNPPGH@?$HM?$DN@ 00000001800108a0     libvcruntime:undname.obj
 0002:000008a4       ??_C@_02MHEGNOJ@?$FO?$DN@  00000001800108a4     libvcruntime:undname.obj
 0002:000008a8       ??_C@_09IFPLHPGF@?$GAvftable?8@ 00000001800108a8     libvcruntime:undname.obj
 0002:000008b8       ??_C@_09BLBHBJP@?$GAvbtable?8@ 00000001800108b8     libvcruntime:undname.obj
 0002:000008c8       ??_C@_07FEEIOKP@?$GAvcall?8@ 00000001800108c8     libvcruntime:undname.obj
 0002:000008d0       ??_C@_08LLFFHHDJ@?$GAtypeof?8@ 00000001800108d0     libvcruntime:undname.obj
 0002:000008e0       ??_C@_0BF@KDPPACIK@?$GAlocal?5static?5guard?8@ 00000001800108e0     libvcruntime:undname.obj
 0002:000008f8       ??_C@_08OBABFOLI@?$GAstring?8@ 00000001800108f8     libvcruntime:undname.obj
 0002:00000908       ??_C@_0BD@JDLKDPAB@?$GAvbase?5destructor?8@ 0000000180010908     libvcruntime:undname.obj
 0002:00000920       ??_C@_0BN@DEGPLNFK@?$GAvector?5deleting?5destructor?8@ 0000000180010920     libvcruntime:undname.obj
 0002:00000940       ??_C@_0BO@OBMKPJIG@?$GAdefault?5constructor?5closure?8@ 0000000180010940     libvcruntime:undname.obj
 0002:00000960       ??_C@_0BN@IMDCHIKM@?$GAscalar?5deleting?5destructor?8@ 0000000180010960     libvcruntime:undname.obj
 0002:00000980       ??_C@_0BO@PFGOCPJJ@?$GAvector?5constructor?5iterator?8@ 0000000180010980     libvcruntime:undname.obj
 0002:000009a0       ??_C@_0BN@LFPFMEDL@?$GAvector?5destructor?5iterator?8@ 00000001800109a0     libvcruntime:undname.obj
 0002:000009c0       ??_C@_0CE@IKBNEHA@?$GAvector?5vbase?5constructor?5itera@ 00000001800109c0     libvcruntime:undname.obj
 0002:000009e8       ??_C@_0BL@NILFHHPC@?$GAvirtual?5displacement?5map?8@ 00000001800109e8     libvcruntime:undname.obj
 0002:00000a08       ??_C@_0CB@JONCMFFK@?$GAeh?5vector?5constructor?5iterator@ 0000000180010a08     libvcruntime:undname.obj
 0002:00000a30       ??_C@_0CA@GCEOPDGL@?$GAeh?5vector?5destructor?5iterator?8@ 0000000180010a30     libvcruntime:undname.obj
 0002:00000a50       ??_C@_0CH@OOJPLCPH@?$GAeh?5vector?5vbase?5constructor?5it@ 0000000180010a50     libvcruntime:undname.obj
 0002:00000a78       ??_C@_0BL@LLKPOHJI@?$GAcopy?5constructor?5closure?8@ 0000000180010a78     libvcruntime:undname.obj
 0002:00000a98       ??_C@_0BA@KBCDOMBN@?$GAudt?5returning?8@ 0000000180010a98     libvcruntime:undname.obj
 0002:00000aa8       ??_C@_03KLGMFNMG@?$GAEH@   0000000180010aa8     libvcruntime:undname.obj
 0002:00000aac       ??_C@_05KHLCHHI@?$GARTTI@  0000000180010aac     libvcruntime:undname.obj
 0002:00000ab8       ??_C@_0BA@KKLDJDLB@?$GAlocal?5vftable?8@ 0000000180010ab8     libvcruntime:undname.obj
 0002:00000ac8       ??_C@_0CE@IIHCMGGL@?$GAlocal?5vftable?5constructor?5clos@ 0000000180010ac8     libvcruntime:undname.obj
 0002:00000aec       ??_C@_06FHBGPFGH@?5new?$FL?$FN@ 0000000180010aec     libvcruntime:undname.obj
 0002:00000af8       ??_C@_09LBNFPBCA@?5delete?$FL?$FN@ 0000000180010af8     libvcruntime:undname.obj
 0002:00000b08       ??_C@_0P@HJKNJFNN@?$GAomni?5callsig?8@ 0000000180010b08     libvcruntime:undname.obj
 0002:00000b18       ??_C@_0BL@CNOONJFP@?$GAplacement?5delete?5closure?8@ 0000000180010b18     libvcruntime:undname.obj
 0002:00000b38       ??_C@_0BN@CKNJLHMB@?$GAplacement?5delete?$FL?$FN?5closure?8@ 0000000180010b38     libvcruntime:undname.obj
 0002:00000b58       ??_C@_0CG@CFDHKGGD@?$GAmanaged?5vector?5constructor?5ite@ 0000000180010b58     libvcruntime:undname.obj
 0002:00000b80       ??_C@_0CF@IMGKMJNO@?$GAmanaged?5vector?5destructor?5iter@ 0000000180010b80     libvcruntime:undname.obj
 0002:00000ba8       ??_C@_0CG@HLDDJMAG@?$GAeh?5vector?5copy?5constructor?5ite@ 0000000180010ba8     libvcruntime:undname.obj
 0002:00000bd0       ??_C@_0CM@FCBBDIGB@?$GAeh?5vector?5vbase?5copy?5construct@ 0000000180010bd0     libvcruntime:undname.obj
 0002:00000c00       ??_C@_0BL@CLIPGLGB@?$GAdynamic?5initializer?5for?5?8@ 0000000180010c00     libvcruntime:undname.obj
 0002:00000c20       ??_C@_0CB@PDBIFEP@?$GAdynamic?5atexit?5destructor?5for?5@ 0000000180010c20     libvcruntime:undname.obj
 0002:00000c48       ??_C@_0CD@CGAJBKEJ@?$GAvector?5copy?5constructor?5iterat@ 0000000180010c48     libvcruntime:undname.obj
 0002:00000c70       ??_C@_0CJ@GJELGAMM@?$GAvector?5vbase?5copy?5constructor?5@ 0000000180010c70     libvcruntime:undname.obj
 0002:00000ca0       ??_C@_0CL@FGIJHLCE@?$GAmanaged?5vector?5copy?5constructo@ 0000000180010ca0     libvcruntime:undname.obj
 0002:00000cd0       ??_C@_0BM@PMGGMLDN@?$GAlocal?5static?5thread?5guard?8@ 0000000180010cd0     libvcruntime:undname.obj
 0002:00000cf0       ??_C@_0N@BDNMDMOL@operator?5?$CC?$CC?5@ 0000000180010cf0     libvcruntime:undname.obj
 0002:00000d00       ??_C@_0BC@GGEBGALA@operator?5co_await@ 0000000180010d00     libvcruntime:undname.obj
 0002:00000d18       ??_C@_0BC@DAFEJGAK@?5Type?5Descriptor?8@ 0000000180010d18     libvcruntime:undname.obj
 0002:00000d30       ??_C@_0BM@LDKODKLH@?5Base?5Class?5Descriptor?5at?5?$CI@ 0000000180010d30     libvcruntime:undname.obj
 0002:00000d50       ??_C@_0BD@LGICGFMM@?5Base?5Class?5Array?8@ 0000000180010d50     libvcruntime:undname.obj
 0002:00000d68       ??_C@_0BN@MECKDCOJ@?5Class?5Hierarchy?5Descriptor?8@ 0000000180010d68     libvcruntime:undname.obj
 0002:00000d88       ??_C@_0BK@CFCOFLF@?5Complete?5Object?5Locator?8@ 0000000180010d88     libvcruntime:undname.obj
 0002:00000dc0       ??_C@_1DM@KHCHBNEB@?$AAa?$AAp?$AAi?$AA?9?$AAm?$AAs?$AA?9?$AAw?$AAi?$AAn?$AA?9?$AAc?$AAo?$AAr?$AAe@ 0000000180010dc0     libvcruntime:winapi_downlevel.obj
 0002:00000e00       ??_C@_1DK@LPPGFMPP@?$AAa?$AAp?$AAi?$AA?9?$AAm?$AAs?$AA?9?$AAw?$AAi?$AAn?$AA?9?$AAc?$AAo?$AAr?$AAe@ 0000000180010e00     libvcruntime:winapi_downlevel.obj
 0002:00000e40       ??_C@_1BC@GDMECMAK@?$AAk?$AAe?$AAr?$AAn?$AAe?$AAl?$AA3?$AA2@ 0000000180010e40     libvcruntime:winapi_downlevel.obj
 0002:00000e58       ??_C@_1BA@PFFKHIOG@?$AAa?$AAp?$AAi?$AA?9?$AAm?$AAs?$AA?9@ 0000000180010e58     libvcruntime:winapi_downlevel.obj
 0002:00000e68       ??_C@_1BA@IAIFMGEF@?$AAe?$AAx?$AAt?$AA?9?$AAm?$AAs?$AA?9@ 0000000180010e68     libvcruntime:winapi_downlevel.obj
 0002:00000e80       ??_C@_08KNHFBNJ@FlsAlloc@  0000000180010e80     libvcruntime:winapi_downlevel.obj
 0002:00000e98       ??_C@_07PEJMOBNF@FlsFree@  0000000180010e98     libvcruntime:winapi_downlevel.obj
 0002:00000ea8       ??_C@_0M@GDNOONDI@FlsGetValue@ 0000000180010ea8     libvcruntime:winapi_downlevel.obj
 0002:00000ec0       ??_C@_0M@JCPCPOEF@FlsSetValue@ 0000000180010ec0     libvcruntime:winapi_downlevel.obj
 0002:00000ed8       ??_C@_0BM@HCFOFFN@InitializeCriticalSectionEx@ 0000000180010ed8     libvcruntime:winapi_downlevel.obj
 0002:00000f00       __acrt_exception_action_table 0000000180010f00     libucrt:exception_filter.obj
 0002:00000fc0       __acrt_signal_action_table_count 0000000180010fc0     libucrt:exception_filter.obj
 0002:00000fc8       __acrt_signal_action_first_fpe_index 0000000180010fc8     libucrt:exception_filter.obj
 0002:00000fd0       __acrt_signal_action_fpe_count 0000000180010fd0     libucrt:exception_filter.obj
 0002:00000fd8       ??_C@_1BI@BGOHAHKC@?$AAm?$AAs?$AAc?$AAo?$AAr?$AAe?$AAe?$AA?4?$AAd?$AAl?$AAl?$AA?$AA@ 0000000180010fd8     libucrt:exit.obj
 0002:00000ff0       ??_C@_0P@MIGLKIOC@CorExitProcess?$AA@ 0000000180010ff0     libucrt:exit.obj
 0002:00001270       __lc_time_c                0000000180011270     libucrt:nlsdata.obj
 0002:00001530       ??_C@_03KOEHGMDN@Sun?$AA@  0000000180011530     libucrt:nlsdata.obj
 0002:00001534       ??_C@_03PDAGKDH@Mon?$AA@   0000000180011534     libucrt:nlsdata.obj
 0002:00001538       ??_C@_03NAGEINEP@Tue?$AA@  0000000180011538     libucrt:nlsdata.obj
 0002:0000153c       ??_C@_03MHOMLAJA@Wed?$AA@  000000018001153c     libucrt:nlsdata.obj
 0002:00001540       ??_C@_03IOFIKPDN@Thu?$AA@  0000000180011540     libucrt:nlsdata.obj
 0002:00001544       ??_C@_03IDIOELNC@Fri?$AA@  0000000180011544     libucrt:nlsdata.obj
 0002:00001548       ??_C@_03FEFJNEK@Sat?$AA@   0000000180011548     libucrt:nlsdata.obj
 0002:0000154c       ??_C@_06OOPIFAJ@Sunday?$AA@ 000000018001154c     libucrt:nlsdata.obj
 0002:00001554       ??_C@_06JLEDEDGH@Monday?$AA@ 0000000180011554     libucrt:nlsdata.obj
 0002:00001560       ??_C@_07BAAGCFCM@Tuesday?$AA@ 0000000180011560     libucrt:nlsdata.obj
 0002:00001568       ??_C@_09DLIGFAKA@Wednesday?$AA@ 0000000180011568     libucrt:nlsdata.obj
 0002:00001578       ??_C@_08HACCIKIA@Thursday?$AA@ 0000000180011578     libucrt:nlsdata.obj
 0002:00001584       ??_C@_06JECMNKMI@Friday?$AA@ 0000000180011584     libucrt:nlsdata.obj
 0002:00001590       ??_C@_08INBOOONO@Saturday?$AA@ 0000000180011590     libucrt:nlsdata.obj
 0002:0000159c       ??_C@_03JIHJHPIE@Jan?$AA@  000000018001159c     libucrt:nlsdata.obj
 0002:000015a0       ??_C@_03HJBDCHOM@Feb?$AA@  00000001800115a0     libucrt:nlsdata.obj
 0002:000015a4       ??_C@_03ODNJBKGA@Mar?$AA@  00000001800115a4     libucrt:nlsdata.obj
 0002:000015a8       ??_C@_03LEOLGMJP@Apr?$AA@  00000001800115a8     libucrt:nlsdata.obj
 0002:000015ac       ??_C@_03CNMDKL@May?$AA@    00000001800115ac     libucrt:nlsdata.obj
 0002:000015b0       ??_C@_03IDFGHECI@Jun?$AA@  00000001800115b0     libucrt:nlsdata.obj
 0002:000015b4       ??_C@_03LBGABGKK@Jul?$AA@  00000001800115b4     libucrt:nlsdata.obj
 0002:000015b8       ??_C@_03IFJFEIGA@Aug?$AA@  00000001800115b8     libucrt:nlsdata.obj
 0002:000015bc       ??_C@_03GGCAPAJC@Sep?$AA@  00000001800115bc     libucrt:nlsdata.obj
 0002:000015c0       ??_C@_03BMAOKBAD@Oct?$AA@  00000001800115c0     libucrt:nlsdata.obj
 0002:000015c4       ??_C@_03JPJOFNIA@Nov?$AA@  00000001800115c4     libucrt:nlsdata.obj
 0002:000015c8       ??_C@_03MKABNOCG@Dec?$AA@  00000001800115c8     libucrt:nlsdata.obj
 0002:000015d0       ??_C@_07CGJPFGJA@January?$AA@ 00000001800115d0     libucrt:nlsdata.obj
 0002:000015d8       ??_C@_08GNJGEPFN@February?$AA@ 00000001800115d8     libucrt:nlsdata.obj
 0002:000015e4       ??_C@_05HPCKOFNC@March?$AA@ 00000001800115e4     libucrt:nlsdata.obj
 0002:000015ec       ??_C@_05DMJDNLEJ@April?$AA@ 00000001800115ec     libucrt:nlsdata.obj
 0002:000015f4       ??_C@_04CNLMGBGM@June?$AA@ 00000001800115f4     libucrt:nlsdata.obj
 0002:000015fc       ??_C@_04MIEPOIFP@July?$AA@ 00000001800115fc     libucrt:nlsdata.obj
 0002:00001604       ??_C@_06LBBHFDDG@August?$AA@ 0000000180011604     libucrt:nlsdata.obj
 0002:00001610       ??_C@_09BHHEALKD@September?$AA@ 0000000180011610     libucrt:nlsdata.obj
 0002:00001620       ??_C@_07JJNFCEND@October?$AA@ 0000000180011620     libucrt:nlsdata.obj
 0002:00001628       ??_C@_08HCHEGEOA@November?$AA@ 0000000180011628     libucrt:nlsdata.obj
 0002:00001638       ??_C@_08EDHMEBNP@December?$AA@ 0000000180011638     libucrt:nlsdata.obj
 0002:00001644       ??_C@_02DEDBPAFC@AM?$AA@   0000000180011644     libucrt:nlsdata.obj
 0002:00001648       ??_C@_02CJNFDJBF@PM?$AA@   0000000180011648     libucrt:nlsdata.obj
 0002:00001650       ??_C@_08BPBNCDIB@MM?1dd?1yy?$AA@ 0000000180011650     libucrt:nlsdata.obj
 0002:00001660       ??_C@_0BE@CKGJFCPC@dddd?0?5MMMM?5dd?0?5yyyy?$AA@ 0000000180011660     libucrt:nlsdata.obj
 0002:00001678       ??_C@_08JCCMCCIL@HH?3mm?3ss?$AA@ 0000000180011678     libucrt:nlsdata.obj
 0002:00001688       ??_C@_17MBGCMIPB@?$AAS?$AAu?$AAn?$AA?$AA@ 0000000180011688     libucrt:nlsdata.obj
 0002:00001690       ??_C@_17KBOMKBF@?$AAM?$AAo?$AAn?$AA?$AA@ 0000000180011690     libucrt:nlsdata.obj
 0002:00001698       ??_C@_17BMKGEGOJ@?$AAT?$AAu?$AAe?$AA?$AA@ 0000000180011698     libucrt:nlsdata.obj
 0002:000016a0       ??_C@_17CJEDCEPE@?$AAW?$AAe?$AAd?$AA?$AA@ 00000001800116a0     libucrt:nlsdata.obj
 0002:000016a8       ??_C@_17PDPHAADD@?$AAT?$AAh?$AAu?$AA?$AA@ 00000001800116a8     libucrt:nlsdata.obj
 0002:000016b0       ??_C@_17HFOLPPLP@?$AAF?$AAr?$AAi?$AA?$AA@ 00000001800116b0     libucrt:nlsdata.obj
 0002:000016b8       ??_C@_17GGIBDPIH@?$AAS?$AAa?$AAt?$AA?$AA@ 00000001800116b8     libucrt:nlsdata.obj
 0002:000016c0       ??_C@_1O@IHNHDHPB@?$AAS?$AAu?$AAn?$AAd?$AAa?$AAy?$AA?$AA@ 00000001800116c0     libucrt:nlsdata.obj
 0002:000016d0       ??_C@_1O@MMNBFLIA@?$AAM?$AAo?$AAn?$AAd?$AAa?$AAy?$AA?$AA@ 00000001800116d0     libucrt:nlsdata.obj
 0002:000016e0       ??_C@_1BA@ENFBFFEK@?$AAT?$AAu?$AAe?$AAs?$AAd?$AAa?$AAy?$AA?$AA@ 00000001800116e0     libucrt:nlsdata.obj
 0002:000016f0       ??_C@_1BE@EBOGMDOH@?$AAW?$AAe?$AAd?$AAn?$AAe?$AAs?$AAd?$AAa?$AAy?$AA?$AA@ 00000001800116f0     libucrt:nlsdata.obj
 0002:00001708       ??_C@_1BC@HHMNLIHE@?$AAT?$AAh?$AAu?$AAr?$AAs?$AAd?$AAa?$AAy?$AA?$AA@ 0000000180011708     libucrt:nlsdata.obj
 0002:00001720       ??_C@_1O@PDICJHAG@?$AAF?$AAr?$AAi?$AAd?$AAa?$AAy?$AA?$AA@ 0000000180011720     libucrt:nlsdata.obj
 0002:00001730       ??_C@_1BC@ENMNNPAJ@?$AAS?$AAa?$AAt?$AAu?$AAr?$AAd?$AAa?$AAy?$AA?$AA@ 0000000180011730     libucrt:nlsdata.obj
 0002:00001748       ??_C@_17DKNBKCHM@?$AAJ?$AAa?$AAn?$AA?$AA@ 0000000180011748     libucrt:nlsdata.obj
 0002:00001750       ??_C@_17LMDJEKJN@?$AAF?$AAe?$AAb?$AA?$AA@ 0000000180011750     libucrt:nlsdata.obj
 0002:00001758       ??_C@_17CKNLEDEC@?$AAM?$AAa?$AAr?$AA?$AA@ 0000000180011758     libucrt:nlsdata.obj
 0002:00001760       ??_C@_17LFPOIHDD@?$AAA?$AAp?$AAr?$AA?$AA@ 0000000180011760     libucrt:nlsdata.obj
 0002:00001768       ??_C@_17PNNKMEED@?$AAM?$AAa?$AAy?$AA?$AA@ 0000000180011768     libucrt:nlsdata.obj
 0002:00001770       ??_C@_17KCJGOCPB@?$AAJ?$AAu?$AAn?$AA?$AA@ 0000000180011770     libucrt:nlsdata.obj
 0002:00001778       ??_C@_17IJPCKHK@?$AAJ?$AAu?$AAl?$AA?$AA@ 0000000180011778     libucrt:nlsdata.obj
 0002:00001780       ??_C@_17ICPELBCN@?$AAA?$AAu?$AAg?$AA?$AA@ 0000000180011780     libucrt:nlsdata.obj
 0002:00001788       ??_C@_17HCHCOKMG@?$AAS?$AAe?$AAp?$AA?$AA@ 0000000180011788     libucrt:nlsdata.obj
 0002:00001790       ??_C@_17FNLKOI@?$AAO?$AAc?$AAt?$AA?$AA@ 0000000180011790     libucrt:nlsdata.obj
 0002:00001798       ??_C@_17BBDMLCIG@?$AAN?$AAo?$AAv?$AA?$AA@ 0000000180011798     libucrt:nlsdata.obj
 0002:000017a0       ??_C@_17EGKACKIF@?$AAD?$AAe?$AAc?$AA?$AA@ 00000001800117a0     libucrt:nlsdata.obj
 0002:000017a8       ??_C@_1BA@EFMEIEBA@?$AAJ?$AAa?$AAn?$AAu?$AAa?$AAr?$AAy?$AA?$AA@ 00000001800117a8     libucrt:nlsdata.obj
 0002:000017b8       ??_C@_1BC@JGDDFFAM@?$AAF?$AAe?$AAb?$AAr?$AAu?$AAa?$AAr?$AAy?$AA?$AA@ 00000001800117b8     libucrt:nlsdata.obj
 0002:000017d0       ??_C@_1M@IKEENEDF@?$AAM?$AAa?$AAr?$AAc?$AAh?$AA?$AA@ 00000001800117d0     libucrt:nlsdata.obj
 0002:000017e0       ??_C@_1M@GJNLMHFD@?$AAA?$AAp?$AAr?$AAi?$AAl?$AA?$AA@ 00000001800117e0     libucrt:nlsdata.obj
 0002:000017f0       ??_C@_19EPFLPGAP@?$AAJ?$AAu?$AAn?$AAe?$AA?$AA@ 00000001800117f0     libucrt:nlsdata.obj
 0002:00001800       ??_C@_19BIFMLPCD@?$AAJ?$AAu?$AAl?$AAy?$AA?$AA@ 0000000180011800     libucrt:nlsdata.obj
 0002:00001810       ??_C@_1O@PAHLKOAC@?$AAA?$AAu?$AAg?$AAu?$AAs?$AAt?$AA?$AA@ 0000000180011810     libucrt:nlsdata.obj
 0002:00001820       ??_C@_1BE@DKAAMBJL@?$AAS?$AAe?$AAp?$AAt?$AAe?$AAm?$AAb?$AAe?$AAr?$AA?$AA@ 0000000180011820     libucrt:nlsdata.obj
 0002:00001838       ??_C@_1BA@EPANDLNG@?$AAO?$AAc?$AAt?$AAo?$AAb?$AAe?$AAr?$AA?$AA@ 0000000180011838     libucrt:nlsdata.obj
 0002:00001848       ??_C@_1BC@BGLIFPF@?$AAN?$AAo?$AAv?$AAe?$AAm?$AAb?$AAe?$AAr?$AA?$AA@ 0000000180011848     libucrt:nlsdata.obj
 0002:00001860       ??_C@_1BC@FEMKIFH@?$AAD?$AAe?$AAc?$AAe?$AAm?$AAb?$AAe?$AAr?$AA?$AA@ 0000000180011860     libucrt:nlsdata.obj
 0002:00001874       ??_C@_15ODEHAHHF@?$AAA?$AAM?$AA?$AA@ 0000000180011874     libucrt:nlsdata.obj
 0002:0000187c       ??_C@_15CLMNNGEL@?$AAP?$AAM?$AA?$AA@ 000000018001187c     libucrt:nlsdata.obj
 0002:00001888       ??_C@_1BC@IEBCMHCM@?$AAM?$AAM?$AA?1?$AAd?$AAd?$AA?1?$AAy?$AAy?$AA?$AA@ 0000000180011888     libucrt:nlsdata.obj
 0002:000018a0       ??_C@_1CI@KNAKOEBC@?$AAd?$AAd?$AAd?$AAd?$AA?0?$AA?5?$AAM?$AAM?$AAM?$AAM?$AA?5?$AAd?$AAd?$AA?0?$AA?5?$AAy?$AAy?$AAy?$AAy?$AA?$AA@ 00000001800118a0     libucrt:nlsdata.obj
 0002:000018c8       ??_C@_1BC@GDGBMEMK@?$AAH?$AAH?$AA?3?$AAm?$AAm?$AA?3?$AAs?$AAs?$AA?$AA@ 00000001800118c8     libucrt:nlsdata.obj
 0002:000018e0       ??_C@_1M@BMHNFIME@?$AAe?$AAn?$AA?9?$AAU?$AAS?$AA?$AA@ 00000001800118e0     libucrt:nlsdata.obj
 0002:00001910       ??_C@_1M@HPNHIDJI@?$AAj?$AAa?$AA?9?$AAJ?$AAP?$AA?$AA@ 0000000180011910     libucrt:mbctype.obj
 0002:00001920       ??_C@_1M@BIBDDEMK@?$AAz?$AAh?$AA?9?$AAC?$AAN?$AA?$AA@ 0000000180011920     libucrt:mbctype.obj
 0002:00001930       ??_C@_1M@JLOOOEGK@?$AAk?$AAo?$AA?9?$AAK?$AAR?$AA?$AA@ 0000000180011930     libucrt:mbctype.obj
 0002:00001940       ??_C@_1M@CLNBBOPM@?$AAz?$AAh?$AA?9?$AAT?$AAW?$AA?$AA@ 0000000180011940     libucrt:mbctype.obj
 0002:000019f0       ??_C@_1EA@JGEFHKEI@?$AAa?$AAp?$AAi?$AA?9?$AAm?$AAs?$AA?9?$AAw?$AAi?$AAn?$AA?9?$AAc?$AAo?$AAr?$AAe?$AA?9?$AAd?$AAa?$AAt?$AAe?$AAt?$AAi?$AAm?$AAe?$AA?9?$AAl?$AA1?$AA?9?$AA1?$AA?9?$AA1?$AA?$AA@ 00000001800119f0     libucrt:winapi_thunks.obj
 0002:00001a30       ??_C@_1DM@KHCHBNEB@?$AAa?$AAp?$AAi?$AA?9?$AAm?$AAs?$AA?9?$AAw?$AAi?$AAn?$AA?9?$AAc?$AAo?$AAr?$AAe?$AA?9?$AAf?$AAi?$AAb?$AAe?$AAr?$AAs?$AA?9?$AAl?$AA1?$AA?9?$AA1?$AA?9?$AA1?$AA?$AA@ 0000000180011a30     libucrt:winapi_thunks.obj
 0002:00001a70       ??_C@_1DI@IJCEHOCB@?$AAa?$AAp?$AAi?$AA?9?$AAm?$AAs?$AA?9?$AAw?$AAi?$AAn?$AA?9?$AAc?$AAo?$AAr?$AAe?$AA?9?$AAf?$AAi?$AAl?$AAe?$AA?9?$AAl?$AA1?$AA?9?$AA2?$AA?9?$AA2?$AA?$AA@ 0000000180011a70     libucrt:winapi_thunks.obj
 0002:00001ab0       ??_C@_1EI@MPIAOHOC@?$AAa?$AAp?$AAi?$AA?9?$AAm?$AAs?$AA?9?$AAw?$AAi?$AAn?$AA?9?$AAc?$AAo?$AAr?$AAe?$AA?9?$AAl?$AAo?$AAc?$AAa?$AAl?$AAi?$AAz?$AAa?$AAt?$AAi?$AAo?$AAn?$AA?9?$AAl?$AA1?$AA?9@ 0000000180011ab0     libucrt:winapi_thunks.obj
 0002:00001b00       ??_C@_1FK@FPHCKFIE@?$AAa?$AAp?$AAi?$AA?9?$AAm?$AAs?$AA?9?$AAw?$AAi?$AAn?$AA?9?$AAc?$AAo?$AAr?$AAe?$AA?9?$AAl?$AAo?$AAc?$AAa?$AAl?$AAi?$AAz?$AAa?$AAt?$AAi?$AAo?$AAn?$AA?9?$AAo?$AAb?$AAs@ 0000000180011b00     libucrt:winapi_thunks.obj
 0002:00001b60       ??_C@_1EM@DILCGIIO@?$AAa?$AAp?$AAi?$AA?9?$AAm?$AAs?$AA?9?$AAw?$AAi?$AAn?$AA?9?$AAc?$AAo?$AAr?$AAe?$AA?9?$AAp?$AAr?$AAo?$AAc?$AAe?$AAs?$AAs?$AAt?$AAh?$AAr?$AAe?$AAa?$AAd?$AAs?$AA?9?$AAl@ 0000000180011b60     libucrt:winapi_thunks.obj
 0002:00001bb0       ??_C@_1DM@LNCGDDPN@?$AAa?$AAp?$AAi?$AA?9?$AAm?$AAs?$AA?9?$AAw?$AAi?$AAn?$AA?9?$AAc?$AAo?$AAr?$AAe?$AA?9?$AAs?$AAt?$AAr?$AAi?$AAn?$AAg?$AA?9?$AAl?$AA1?$AA?9?$AA1?$AA?9?$AA0?$AA?$AA@ 0000000180011bb0     libucrt:winapi_thunks.obj
 0002:00001bf0       ??_C@_1DK@LPPGFMPP@?$AAa?$AAp?$AAi?$AA?9?$AAm?$AAs?$AA?9?$AAw?$AAi?$AAn?$AA?9?$AAc?$AAo?$AAr?$AAe?$AA?9?$AAs?$AAy?$AAn?$AAc?$AAh?$AA?9?$AAl?$AA1?$AA?9?$AA2?$AA?9?$AA0?$AA?$AA@ 0000000180011bf0     libucrt:winapi_thunks.obj
 0002:00001c30       ??_C@_1DO@FPAPJEMD@?$AAa?$AAp?$AAi?$AA?9?$AAm?$AAs?$AA?9?$AAw?$AAi?$AAn?$AA?9?$AAc?$AAo?$AAr?$AAe?$AA?9?$AAs?$AAy?$AAs?$AAi?$AAn?$AAf?$AAo?$AA?9?$AAl?$AA1?$AA?9?$AA2?$AA?9?$AA1?$AA?$AA@ 0000000180011c30     libucrt:winapi_thunks.obj
 0002:00001c70       ??_C@_1DK@NDHNAHIO@?$AAa?$AAp?$AAi?$AA?9?$AAm?$AAs?$AA?9?$AAw?$AAi?$AAn?$AA?9?$AAc?$AAo?$AAr?$AAe?$AA?9?$AAw?$AAi?$AAn?$AAr?$AAt?$AA?9?$AAl?$AA1?$AA?9?$AA1?$AA?9?$AA0?$AA?$AA@ 0000000180011c70     libucrt:winapi_thunks.obj
 0002:00001cb0       ??_C@_1DM@KGHDGBCM@?$AAa?$AAp?$AAi?$AA?9?$AAm?$AAs?$AA?9?$AAw?$AAi?$AAn?$AA?9?$AAc?$AAo?$AAr?$AAe?$AA?9?$AAx?$AAs?$AAt?$AAa?$AAt?$AAe?$AA?9?$AAl?$AA2?$AA?9?$AA1?$AA?9?$AA0?$AA?$AA@ 0000000180011cb0     libucrt:winapi_thunks.obj
 0002:00001cf0       ??_C@_1EO@IJIOEFOH@?$AAa?$AAp?$AAi?$AA?9?$AAm?$AAs?$AA?9?$AAw?$AAi?$AAn?$AA?9?$AAr?$AAt?$AAc?$AAo?$AAr?$AAe?$AA?9?$AAn?$AAt?$AAu?$AAs?$AAe?$AAr?$AA?9?$AAw?$AAi?$AAn?$AAd?$AAo?$AAw?$AA?9@ 0000000180011cf0     libucrt:winapi_thunks.obj
 0002:00001d40       ??_C@_1FG@HHGEKANL@?$AAa?$AAp?$AAi?$AA?9?$AAm?$AAs?$AA?9?$AAw?$AAi?$AAn?$AA?9?$AAs?$AAe?$AAc?$AAu?$AAr?$AAi?$AAt?$AAy?$AA?9?$AAs?$AAy?$AAs?$AAt?$AAe?$AAm?$AAf?$AAu?$AAn?$AAc?$AAt?$AAi@ 0000000180011d40     libucrt:winapi_thunks.obj
 0002:00001da0       ??_C@_1EG@DBIOJECG@?$AAe?$AAx?$AAt?$AA?9?$AAm?$AAs?$AA?9?$AAw?$AAi?$AAn?$AA?9?$AAn?$AAt?$AAu?$AAs?$AAe?$AAr?$AA?9?$AAd?$AAi?$AAa?$AAl?$AAo?$AAg?$AAb?$AAo?$AAx?$AA?9?$AAl?$AA1?$AA?9?$AA1@ 0000000180011da0     libucrt:winapi_thunks.obj
 0002:00001df0       ??_C@_1EO@FIHMJCLF@?$AAe?$AAx?$AAt?$AA?9?$AAm?$AAs?$AA?9?$AAw?$AAi?$AAn?$AA?9?$AAn?$AAt?$AAu?$AAs?$AAe?$AAr?$AA?9?$AAw?$AAi?$AAn?$AAd?$AAo?$AAw?$AAs?$AAt?$AAa?$AAt?$AAi?$AAo?$AAn?$AA?9@ 0000000180011df0     libucrt:winapi_thunks.obj
 0002:00001e40       ??_C@_1BC@DNHGCMLG@?$AAa?$AAd?$AAv?$AAa?$AAp?$AAi?$AA3?$AA2?$AA?$AA@ 0000000180011e40     libucrt:winapi_thunks.obj
 0002:00001e58       ??_C@_1BC@GDMECMAK@?$AAk?$AAe?$AAr?$AAn?$AAe?$AAl?$AA3?$AA2?$AA?$AA@ 0000000180011e58     libucrt:winapi_thunks.obj
 0002:00001e70       ??_C@_1M@OAIMIKLP@?$AAn?$AAt?$AAd?$AAl?$AAl?$AA?$AA@ 0000000180011e70     libucrt:winapi_thunks.obj
 0002:00001e80       ??_C@_1EG@DPGNFKGC@?$AAa?$AAp?$AAi?$AA?9?$AAm?$AAs?$AA?9?$AAw?$AAi?$AAn?$AA?9?$AAa?$AAp?$AAp?$AAm?$AAo?$AAd?$AAe?$AAl?$AA?9?$AAr?$AAu?$AAn?$AAt?$AAi?$AAm?$AAe?$AA?9?$AAl?$AA1?$AA?9?$AA1@ 0000000180011e80     libucrt:winapi_thunks.obj
 0002:00001ec8       ??_C@_1O@BCCLBEOE@?$AAu?$AAs?$AAe?$AAr?$AA3?$AA2?$AA?$AA@ 0000000180011ec8     libucrt:winapi_thunks.obj
 0002:00001ed8       ??_C@_1BA@PFFKHIOG@?$AAa?$AAp?$AAi?$AA?9?$AAm?$AAs?$AA?9?$AA?$AA@ 0000000180011ed8     libucrt:winapi_thunks.obj
 0002:00001ee8       ??_C@_1BA@IAIFMGEF@?$AAe?$AAx?$AAt?$AA?9?$AAm?$AAs?$AA?9?$AA?$AA@ 0000000180011ee8     libucrt:winapi_thunks.obj
 0002:00001f00       ??_C@_0BA@FHFNEAED@AreFileApisANSI?$AA@ 0000000180011f00     libucrt:winapi_thunks.obj
 0002:00001f18       ??_C@_08KNHFBNJ@FlsAlloc?$AA@ 0000000180011f18     libucrt:winapi_thunks.obj
 0002:00001f30       ??_C@_07PEJMOBNF@FlsFree?$AA@ 0000000180011f30     libucrt:winapi_thunks.obj
 0002:00001f40       ??_C@_0M@GDNOONDI@FlsGetValue?$AA@ 0000000180011f40     libucrt:winapi_thunks.obj
 0002:00001f58       ??_C@_0M@JCPCPOEF@FlsSetValue?$AA@ 0000000180011f58     libucrt:winapi_thunks.obj
 0002:00001f70       ??_C@_0BM@HCFOFFN@InitializeCriticalSectionEx?$AA@ 0000000180011f70     libucrt:winapi_thunks.obj
 0002:00001f98       ??_C@_0O@KKBNKAPF@LCMapStringEx?$AA@ 0000000180011f98     libucrt:winapi_thunks.obj
 0002:00001fb0       ??_C@_0BB@HBDEELFH@LocaleNameToLCID?$AA@ 0000000180011fb0     libucrt:winapi_thunks.obj
 0002:00001fc8       ??_C@_0CF@OJOFEIGO@AppPolicyGetProcessTerminationMe@ 0000000180011fc8     libucrt:winapi_thunks.obj
 0002:00001ff0       __newctype                 0000000180011ff0     libucrt:ctype.obj
 0002:000022f0       __newclmap                 00000001800122f0     libucrt:ctype.obj
 0002:00002470       __newcumap                 0000000180012470     libucrt:ctype.obj
 0002:000025f0       ??_C@_15PJPFLCCM@?$AAu?$AAk?$AA?$AA@ 00000001800125f0     libucrt:get_qualified_locale.obj
 0002:00003440       ??_C@_15EMKDOKLE@?$AAa?$AAr?$AA?$AA@ 0000000180013440     libucrt:lcidtoname_downlevel.obj
 0002:00003448       ??_C@_15KNPADPLH@?$AAb?$AAg?$AA?$AA@ 0000000180013448     libucrt:lcidtoname_downlevel.obj
 0002:00003450       ??_C@_15EDMHLDMO@?$AAc?$AAa?$AA?$AA@ 0000000180013450     libucrt:lcidtoname_downlevel.obj
 0002:00003458       ??_C@_1O@BPEAJADD@?$AAz?$AAh?$AA?9?$AAC?$AAH?$AAS?$AA?$AA@ 0000000180013458     libucrt:lcidtoname_downlevel.obj
 0002:00003468       ??_C@_15LJNHCMNK@?$AAc?$AAs?$AA?$AA@ 0000000180013468     libucrt:lcidtoname_downlevel.obj
 0002:00003470       ??_C@_15FOMCIDHG@?$AAd?$AAa?$AA?$AA@ 0000000180013470     libucrt:lcidtoname_downlevel.obj
 0002:00003478       ??_C@_15NBKABECB@?$AAd?$AAe?$AA?$AA@ 0000000180013478     libucrt:lcidtoname_downlevel.obj
 0002:00003480       ??_C@_15GHPEIIAO@?$AAe?$AAl?$AA?$AA@ 0000000180013480     libucrt:lcidtoname_downlevel.obj
 0002:00003488       ??_C@_15MNPNEAIF@?$AAe?$AAn?$AA?$AA@ 0000000180013488     libucrt:lcidtoname_downlevel.obj
 0002:00003490       ??_C@_15GPIOMPMH@?$AAe?$AAs?$AA?$AA@ 0000000180013490     libucrt:lcidtoname_downlevel.obj
 0002:00003498       ??_C@_15NGLOAKJC@?$AAf?$AAi?$AA?$AA@ 0000000180013498     libucrt:lcidtoname_downlevel.obj
 0002:000034a0       ??_C@_15FBKGNKAM@?$AAf?$AAr?$AA?$AA@ 00000001800134a0     libucrt:lcidtoname_downlevel.obj
 0002:000034a8       ??_C@_15KGGCNEFK@?$AAh?$AAe?$AA?$AA@ 00000001800134a8     libucrt:lcidtoname_downlevel.obj
 0002:000034b0       ??_C@_15PGHLIDMF@?$AAh?$AAu?$AA?$AA@ 00000001800134b0     libucrt:lcidtoname_downlevel.obj
 0002:000034b8       ??_C@_15BIEMAPLM@?$AAi?$AAs?$AA?$AA@ 00000001800134b8     libucrt:lcidtoname_downlevel.obj
 0002:000034c0       ??_C@_15IFJLDHAF@?$AAi?$AAt?$AA?$AA@ 00000001800134c0     libucrt:lcidtoname_downlevel.obj
 0002:000034c8       ??_C@_15GEMIOCAG@?$AAj?$AAa?$AA?$AA@ 00000001800134c8     libucrt:lcidtoname_downlevel.obj
 0002:000034d0       ??_C@_15EPELEGJA@?$AAk?$AAo?$AA?$AA@ 00000001800134d0     libucrt:lcidtoname_downlevel.obj
 0002:000034d8       ??_C@_15NDDHIMN@?$AAn?$AAl?$AA?$AA@ 00000001800134d8     libucrt:lcidtoname_downlevel.obj
 0002:000034e0       ??_C@_15BPIGNHCD@?$AAn?$AAo?$AA?$AA@ 00000001800134e0     libucrt:lcidtoname_downlevel.obj
 0002:000034e8       ??_C@_15DEOPBLCG@?$AAp?$AAl?$AA?$AA@ 00000001800134e8     libucrt:lcidtoname_downlevel.obj
 0002:000034f0       ??_C@_15KBECGEFG@?$AAp?$AAt?$AA?$AA@ 00000001800134f0     libucrt:lcidtoname_downlevel.obj
 0002:000034f8       ??_C@_15GLJCBFMD@?$AAr?$AAo?$AA?$AA@ 00000001800134f8     libucrt:lcidtoname_downlevel.obj
 0002:00003500       ??_C@_15FEDGKCDI@?$AAr?$AAu?$AA?$AA@ 0000000180013500     libucrt:lcidtoname_downlevel.obj
 0002:00003508       ??_C@_15GLKMLLHM@?$AAh?$AAr?$AA?$AA@ 0000000180013508     libucrt:lcidtoname_downlevel.obj
 0002:00003510       ??_C@_15CPKMFBDB@?$AAs?$AAk?$AA?$AA@ 0000000180013510     libucrt:lcidtoname_downlevel.obj
 0002:00003518       ??_C@_15BAAIOGMK@?$AAs?$AAq?$AA?$AA@ 0000000180013518     libucrt:lcidtoname_downlevel.obj
[...]
 0004:00000990       $pdata$_recalloc_base      000000018001c990     libucrt:recalloc.obj
 0004:0000099c       $pdata$?try_get_function@@YAPEAXW4function_id@?A0x391cf84c@@QEBDQEBW4module_id@2@2@Z 000000018001c99c     libucrt:winapi_thunks.obj
 0004:000009a8       $pdata$__acrt_AppPolicyGetProcessTerminationMethodInternal 000000018001c9a8     libucrt:winapi_thunks.obj
 0004:000009b4       $pdata$__acrt_AreFileApisANSI 000000018001c9b4     libucrt:winapi_thunks.obj
 0004:000009c0       $pdata$__acrt_FlsAlloc     000000018001c9c0     libucrt:winapi_thunks.obj
 0004:000009cc       $pdata$__acrt_FlsFree      000000018001c9cc     libucrt:winapi_thunks.obj
 0004:000009d8       $pdata$__acrt_FlsGetValue  000000018001c9d8     libucrt:winapi_thunks.obj
 0004:000009e4       $pdata$__acrt_FlsSetValue  000000018001c9e4     libucrt:winapi_thunks.obj
 0004:000009f0       $pdata$__acrt_InitializeCriticalSectionEx 000000018001c9f0     libucrt:winapi_thunks.obj
 0004:000009fc       $pdata$__acrt_LCMapStringEx 000000018001c9fc     libucrt:winapi_thunks.obj
 0004:00000a08       $pdata$__acrt_LocaleNameToLCID 000000018001ca08     libucrt:winapi_thunks.obj
 0004:00000a14       $pdata$__acrt_initialize_winapi_thunks 000000018001ca14     libucrt:winapi_thunks.obj
 0004:00000a20       $pdata$__acrt_uninitialize_winapi_thunks 000000018001ca20     libucrt:winapi_thunks.obj
 0004:00000a2c       $pdata$__acrt_initialize_heap 000000018001ca2c     libucrt:heap_handle.obj
 0004:00000a38       $pdata$?initialize_inherited_file_handles_nolock@@YAXXZ 000000018001ca38     libucrt:ioinit.obj
 0004:00000a44       $pdata$?initialize_stdio_handles_nolock@@YAXXZ 000000018001ca44     libucrt:ioinit.obj
 0004:00000a50       $pdata$__acrt_initialize_lowio 000000018001ca50     libucrt:ioinit.obj
 0004:00000a5c       $pdata$__acrt_uninitialize_lowio 000000018001ca5c     libucrt:ioinit.obj
 0004:00000a68       $pdata$__acrt_execute_initializers 000000018001ca68     libucrt:shared_initialization.obj
 0004:00000a74       $pdata$__acrt_execute_uninitializers 000000018001ca74     libucrt:shared_initialization.obj
 0004:00000a80       $pdata$??$?RV<lambda_450d765d439847d4c735a33c368b5fc0>@@AEAV<lambda_44731a7d0e6d81c3e6aa82d741081786>@@V<lambda_601a2a7da3b7a96e9554ac7215c4b07c>@@@?$__crt_seh_guarded_call@P6AXH@Z@@QEAAP6AXH@Z$$QEAV<lambda_450d765d439847d4c735a33c368b5fc0>@@AEAV<lambda_44731a7d0e6d81c3e6aa82d741081786>@@$$QEAV<lambda_601a2a7da3b7a96e9554ac7215c4b07c>@@@Z 000000018001ca80     libucrt:signal.obj
 0004:00000a8c       $pdata$__acrt_get_sigabrt_handler 000000018001ca8c     libucrt:signal.obj
 0004:00000a98       $pdata$raise               000000018001ca98     libucrt:signal.obj
 0004:00000aa4       $pdata$??$?RV<lambda_842d9ff0dc9ef11c61343bbaebe7f885>@@AEAV<lambda_c5860995281e5c4ce005b3de8f5874ee>@@V<lambda_d90129c13df834fdcbf8d2b88dafcf2d>@@@?$__crt_seh_guarded_call@X@@QEAAX$$QEAV<lambda_842d9ff0dc9ef11c61343bbaebe7f885>@@AEAV<lambda_c5860995281e5c4ce005b3de8f5874ee>@@$$QEAV<lambda_d90129c13df834fdcbf8d2b88dafcf2d>@@@Z 000000018001caa4     libucrt:fflush.obj
 0004:00000ab0       $pdata$??$?RV<lambda_886d6c58226a84441f68b9f2b8217b83>@@AEAV<lambda_ab61a845afdef5b7c387490eaf3616ee>@@V<lambda_f7f22ab5edc0698d5f6905b0d3f44752>@@@?$__crt_seh_guarded_call@X@@QEAAX$$QEAV<lambda_886d6c58226a84441f68b9f2b8217b83>@@AEAV<lambda_ab61a845afdef5b7c387490eaf3616ee>@@$$QEAV<lambda_f7f22ab5edc0698d5f6905b0d3f44752>@@@Z 000000018001cab0     libucrt:fflush.obj
 0004:00000abc       $pdata$?common_flush_all@@YAH_N@Z 000000018001cabc     libucrt:fflush.obj
 0004:00000ac8       $pdata$__acrt_stdio_flush_nolock 000000018001cac8     libucrt:fflush.obj
 0004:00000ad4       $pdata$_fflush_nolock      000000018001cad4     libucrt:fflush.obj
 0004:00000ae0       $pdata$__acrt_initialize_stdio 000000018001cae0     libucrt:_file.obj
 0004:00000aec       $pdata$__acrt_uninitialize_stdio 000000018001caec     libucrt:_file.obj
 0004:00000af8       $pdata$_mbtowc_l           000000018001caf8     libucrt:mbtowc.obj
 0004:00000b04       $pdata$_fileno             000000018001cb04     libucrt:fileno.obj
 0004:00000b10       $pdata$__pctype_func       000000018001cb10     libucrt:ctype.obj
 0004:00000b1c       $pdata$_isctype_l          000000018001cb1c     libucrt:isctype.obj
 0004:00000b28       $pdata$__acrt_free_locale  000000018001cb28     libucrt:locale_refcounting.obj
 0004:00000b34       $pdata$__acrt_locale_free_lc_time_if_unreferenced 000000018001cb34     libucrt:locale_refcounting.obj
 0004:00000b40       $pdata$__acrt_release_locale_ref 000000018001cb40     libucrt:locale_refcounting.obj
 0004:00000b4c       $pdata$__acrt_update_thread_locale_data 000000018001cb4c     libucrt:locale_refcounting.obj
 0004:00000b58       $pdata$_updatetlocinfoEx_nolock 000000018001cb58     libucrt:locale_refcounting.obj
 0004:00000b64       $pdata$_isleadbyte_l       000000018001cb64     libucrt:_wctype.obj
 0004:00000b70       $pdata$?__acrt_LCMapStringA_stat@@YAHPEAU__crt_locale_pointers@@PEB_WKPEBDHPEADHHH@Z 000000018001cb70     libucrt:lcmapstringa.obj
 0004:00000b7c       $pdata$__acrt_LCMapStringA 000000018001cb7c     libucrt:lcmapstringa.obj
 0004:00000b88       $pdata$__acrt_locale_free_monetary 000000018001cb88     libucrt:initmon.obj
 0004:00000b94       $pdata$__acrt_locale_free_numeric 000000018001cb94     libucrt:initnum.obj
 0004:00000ba0       $pdata$?free_crt_array_internal@@YAXQEAPEBX_K@Z 000000018001cba0     libucrt:inittime.obj
 0004:00000bac       $pdata$__acrt_locale_free_time 000000018001cbac     libucrt:inittime.obj
 0004:00000bb8       $pdata$__acrt_GetStringTypeA 000000018001cbb8     libucrt:getstringtypea.obj
 0004:00000bc4       $pdata$qsort               000000018001cbc4     libucrt:qsort.obj
 0004:00000bd0       $pdata$4$qsort             000000018001cbd0     libucrt:qsort.obj
 0004:00000bdc       $pdata$5$qsort             000000018001cbdc     libucrt:qsort.obj
 0004:00000be8       $pdata$strncpy_s           000000018001cbe8     libucrt:strncpy_s.obj
 0004:00000bf4       $pdata$fallbackMethod      000000018001cbf4     libucrt:strpbrk.obj
 0004:00000c00       $pdata$strpbrk             000000018001cc00     libucrt:strpbrk.obj
 0004:00000c0c       $pdata$_mbsdec_l           000000018001cc0c     libucrt:mbsdec.obj
 0004:00000c18       $pdata$?initialize_multibyte@@YAHXZ 000000018001cc18     libucrt:multibyte_initializer.obj
 0004:00000c24       $pdata$_msize_base         000000018001cc24     libucrt:msize.obj
 0004:00000c30       $pdata$_realloc_base       000000018001cc30     libucrt:realloc_base.obj
 0004:00000c3c       $pdata$?GetTableIndexFromLocaleName@@YAHPEB_W@Z 000000018001cc3c     libucrt:lcidtoname_downlevel.obj
 0004:00000c48       $pdata$__acrt_DownlevelLocaleNameToLCID 000000018001cc48     libucrt:lcidtoname_downlevel.obj
 0004:00000c54       $pdata$__acrt_lowio_create_handle_array 000000018001cc54     libucrt:osfinfo.obj
 0004:00000c60       $pdata$__acrt_lowio_destroy_handle_array 000000018001cc60     libucrt:osfinfo.obj
 0004:00000c6c       $pdata$__acrt_lowio_ensure_fh_exists 000000018001cc6c     libucrt:osfinfo.obj
 0004:00000c78       $pdata$_free_osfhnd        000000018001cc78     libucrt:osfinfo.obj
 0004:00000c84       $pdata$_get_osfhandle      000000018001cc84     libucrt:osfinfo.obj
 0004:00000c90       $pdata$??$?RV<lambda_a37b2b86f63e897a80ea819b0eb08c01>@@AEAV<lambda_38ce7e780aa69e748d6df282ebc68efe>@@V<lambda_99fb1378e971ab6e7edea83e3a7a83a2>@@@?$__crt_seh_guarded_call@H@@QEAAH$$QEAV<lambda_a37b2b86f63e897a80ea819b0eb08c01>@@AEAV<lambda_38ce7e780aa69e748d6df282ebc68efe>@@$$QEAV<lambda_99fb1378e971ab6e7edea83e3a7a83a2>@@@Z 000000018001cc90     libucrt:commit.obj
 0004:00000c9c       $pdata$_commit             000000018001cc9c     libucrt:commit.obj
 0004:00000ca8       $pdata$?write_double_translated_ansi_nolock@@YA?AUwrite_result@?A0x17268360@@HQEBDI@Z 000000018001cca8     libucrt:write.obj
 0004:00000cb4       $pdata$?write_text_ansi_nolock@@YA?AUwrite_result@?A0x17268360@@HQEBDI@Z 000000018001ccb4     libucrt:write.obj
 0004:00000cc0       $pdata$?write_text_utf16le_nolock@@YA?AUwrite_result@?A0x17268360@@HQEBDI@Z 000000018001ccc0     libucrt:write.obj
 0004:00000ccc       $pdata$?write_text_utf8_nolock@@YA?AUwrite_result@?A0x17268360@@HQEBDI@Z 000000018001cccc     libucrt:write.obj
 0004:00000cd8       $pdata$_write              000000018001ccd8     libucrt:write.obj
 0004:00000ce4       $pdata$_write_nolock       000000018001cce4     libucrt:write.obj
 0004:00000cf0       $pdata$_fcloseall          000000018001ccf0     libucrt:closeall.obj
 0004:00000cfc       $pdata$__acrt_stdio_free_buffer_nolock 000000018001ccfc     libucrt:_freebuf.obj
 0004:00000d08       $pdata$_isatty             000000018001cd08     libucrt:isatty.obj
 0004:00000d14       $pdata$?__mbrtowc_utf8@__crt_mbstring@@YA_KPEA_WPEBD_KPEAU_Mbstatet@@@Z 000000018001cd14     libucrt:mbrtowc.obj
 0004:00000d20       $pdata$?__mbsrtowcs_utf8@__crt_mbstring@@YA_KPEA_WPEAPEBD_KPEAU_Mbstatet@@@Z 000000018001cd20     libucrt:mbrtowc.obj
 0004:00000d2c       $pdata$??$common_lseek_nolock@_J@@YA_JH_JH@Z 000000018001cd2c     libucrt:lseek.obj
 0004:00000d38       $pdata$_putwch_nolock      000000018001cd38     libucrt:putwch.obj
 0004:00000d44       $pdata$_fclose_nolock      000000018001cd44     libucrt:fclose.obj
 0004:00000d50       $pdata$fclose              000000018001cd50     libucrt:fclose.obj
 0004:00000d5c       $pdata$?__mbrtoc32_utf8@__crt_mbstring@@YA_KPEA_UPEBD_KPEAU_Mbstatet@@@Z 000000018001cd5c     libucrt:mbrtoc32.obj
 0004:00000d74       $pdata$__dcrt_lowio_ensure_console_output_initialized 000000018001cd74     libucrt:initcon.obj
 0004:00000d80       $pdata$__dcrt_terminate_console_output 000000018001cd80     libucrt:initcon.obj
 0004:00000d8c       $pdata$__dcrt_write_console 000000018001cd8c     libucrt:initcon.obj
 0004:00000d98       $pdata$??$?RV<lambda_751a882b2c74d4b022dec766aa51a29a>@@AEAV<lambda_628dfdc04ba53c8bfc02c9951375f3f5>@@V<lambda_f6c7be5f7998530c34de24c7437d6b54>@@@?$__crt_seh_guarded_call@H@@QEAAH$$QEAV<lambda_751a882b2c74d4b022dec766aa51a29a>@@AEAV<lambda_628dfdc04ba53c8bfc02c9951375f3f5>@@$$QEAV<lambda_f6c7be5f7998530c34de24c7437d6b54>@@@Z 000000018001cd98     libucrt:close.obj
 0004:00000da4       $pdata$_close              000000018001cda4     libucrt:close.obj
 0004:00000db0       $pdata$_close_nolock       000000018001cdb0     libucrt:close.obj
 0004:00000dbc       $pdata$_call_matherr       000000018001cdbc     libucrt:libm_error.obj
 0004:00000dc8       $pdata$_exception_enabled  000000018001cdc8     libucrt:libm_error.obj
 0004:00000dd4       $pdata$_handle_error       000000018001cdd4     libucrt:libm_error.obj
 0004:00000de0       $pdata$__acrt_initialize_fma3 000000018001cde0     libucrt:fma3_available.obj
 0004:00000dec       $pdata$_log10_special      000000018001cdec     libucrt:log_special.obj
 0004:00000df8       $pdata$_log_special_common 000000018001cdf8     libucrt:log_special.obj
 0004:00000e10       $pdata$_raise_exc          000000018001ce10     libucrt:fpexcept.obj
 0004:00000e1c       $pdata$_raise_exc_ex       000000018001ce1c     libucrt:fpexcept.obj
 0004:00000e28       $pdata$_set_errno_from_matherr 000000018001ce28     libucrt:fpexcept.obj
 0004:00000e34       $pdata$_clrfp              000000018001ce34     libucrt:fpctrl.obj
 0004:00000e40       $pdata$_ctrlfp             000000018001ce40     libucrt:fpctrl.obj
 0004:00000e4c       $pdata$_set_statfp         000000018001ce4c     libucrt:fpctrl.obj
 0004:00000e58       $pdata$_statfp             000000018001ce58     libucrt:fpctrl.obj
 0004:00000e64       $pdata$?DloadAcquireSectionWriteAccess@@YAXXZ 000000018001ce64     DelayImp:delayhlp.obj
 0004:00000e70       $pdata$?DloadGetSRWLockFunctionPointers@@YAEXZ 000000018001ce70     DelayImp:delayhlp.obj
 0004:00000e7c       $pdata$?DloadMakePermanentImageCommit@@YAXPEAX_K@Z 000000018001ce7c     DelayImp:delayhlp.obj
 0004:00000e88       $pdata$?DloadObtainSection@@YAPEAXPEAK0@Z 000000018001ce88     DelayImp:delayhlp.obj
 0004:00000e94       $pdata$?DloadProtectSection@@YAXKPEAK@Z 000000018001ce94     DelayImp:delayhlp.obj
 0004:00000ea0       $pdata$?DloadReleaseSectionWriteAccess@@YAXXZ 000000018001cea0     DelayImp:delayhlp.obj
 0004:00000eac       $pdata$__delayLoadHelper2  000000018001ceac     DelayImp:delayhlp.obj
 0004:00000eb8       $pdata$_IsNonwritableInCurrentImage 000000018001ceb8     LIBCMT:pesect.obj
 0004:00000ec4       $pdata$__GSHandlerCheck    000000018001cec4     LIBCMT:gshandler.obj
 0004:00000ed0       $pdata$__GSHandlerCheckCommon 000000018001ced0     LIBCMT:gshandler.obj
 0004:00000f00       $pdata$?fin$0@?0??dllmain_crt_process_attach@@YAHQEAUHINSTANCE__@@QEAX@Z@4HA 000000018001cf00     LIBCMT:dll_dllmain.obj
 0004:00000f0c       $pdata$?fin$0@?0??dllmain_crt_process_detach@@YAH_N@Z@4HA 000000018001cf0c     LIBCMT:dll_dllmain.obj
 0004:00000f18       $pdata$?filt$0@?0??dllmain_dispatch@@YAHQEAUHINSTANCE__@@KQEAX@Z@4HA 000000018001cf18     LIBCMT:dll_dllmain.obj
 0004:00000f24       $pdata$__scrt_is_nonwritable_in_current_image$filt$0 000000018001cf24     LIBCMT:utility.obj
 0004:00000f30       $pdata$__DestructExceptionObject$filt$0 000000018001cf30     libvcruntime:ehhelpers.obj
 0004:00000f3c       $pdata$_query_new_handler$fin$0 000000018001cf3c     libucrt:new_handler.obj
 0004:00000f48       $pdata$?fin$0@?0???$?RV<lambda_2d41944a1d46af3157314b8a01080d33>@@AEAV<lambda_8f455de75cd7d7f24b4096f044d8b9e6>@@V<lambda_aa500f224e6afead328df44964fe2772>@@@?$__crt_seh_guarded_call@X@@QEAAX$$QEAV<lambda_2d41944a1d46af3157314b8a01080d33>@@AEAV<lambda_8f455de75cd7d7f24b4096f044d8b9e6>@@$$QEAV<lambda_aa500f224e6afead328df44964fe2772>@@@Z@4HA 000000018001cf48     libucrt:per_thread_data.obj
 0004:00000f48       $pdata$?fin$0@?0???$?RV<lambda_450d765d439847d4c735a33c368b5fc0>@@AEAV<lambda_44731a7d0e6d81c3e6aa82d741081786>@@V<lambda_601a2a7da3b7a96e9554ac7215c4b07c>@@@?$__crt_seh_guarded_call@P6AXH@Z@@QEAAP6AXH@Z$$QEAV<lambda_450d765d439847d4c735a33c368b5fc0>@@AEAV<lambda_44731a7d0e6d81c3e6aa82d741081786>@@$$QEAV<lambda_601a2a7da3b7a96e9554ac7215c4b07c>@@@Z@4HA 000000018001cf48     libucrt:signal.obj
 0004:00000f48       $pdata$?fin$0@?0???$?RV<lambda_7777bce6b2f8c936911f934f8298dc43>@@AEAV<lambda_f03950bc5685219e0bcd2087efbe011e>@@V<lambda_3883c3dff614d5e0c5f61bb1ac94921c>@@@?$__crt_seh_guarded_call@H@@QEAAH$$QEAV<lambda_7777bce6b2f8c936911f934f8298dc43>@@AEAV<lambda_f03950bc5685219e0bcd2087efbe011e>@@$$QEAV<lambda_3883c3dff614d5e0c5f61bb1ac94921c>@@@Z@4HA 000000018001cf48     libucrt:onexit.obj
 0004:00000f48       $pdata$?fin$0@?0???$?RV<lambda_0ae27a3a962d80f24befdcbee591983d>@@AEAV<lambda_8d0ee55de4b1038c4002e0adecdf1839>@@V<lambda_dc504788e8f1664fe9b84e20bfb512f2>@@@?$__crt_seh_guarded_call@X@@QEAAX$$QEAV<lambda_0ae27a3a962d80f24befdcbee591983d>@@AEAV<lambda_8d0ee55de4b1038c4002e0adecdf1839>@@$$QEAV<lambda_dc504788e8f1664fe9b84e20bfb512f2>@@@Z@4HA 000000018001cf48     libucrt:per_thread_data.obj
 0004:00000f48       $pdata$?fin$0@?0???$?RV<lambda_d80eeec6fff315bfe5c115232f3240e3>@@AEAV<lambda_6e4b09c48022b2350581041d5f6b0c4c>@@V<lambda_2358e3775559c9db80273638284d5e45>@@@?$__crt_seh_guarded_call@X@@QEAAX$$QEAV<lambda_d80eeec6fff315bfe5c115232f3240e3>@@AEAV<lambda_6e4b09c48022b2350581041d5f6b0c4c>@@$$QEAV<lambda_2358e3775559c9db80273638284d5e45>@@@Z@4HA 000000018001cf48     libucrt:exit.obj
 0004:00000f48       $pdata$?fin$0@?0???$?RV<lambda_aa87e3671a710a21b5dc78c0bdf72e11>@@AEAV<lambda_92619d2358a28f41a33ba319515a20b9>@@V<lambda_6992ecaafeb10aed2b74cb1fae11a551>@@@?$__crt_seh_guarded_call@X@@QEAAX$$QEAV<lambda_aa87e3671a710a21b5dc78c0bdf72e11>@@AEAV<lambda_92619d2358a28f41a33ba319515a20b9>@@$$QEAV<lambda_6992ecaafeb10aed2b74cb1fae11a551>@@@Z@4HA 000000018001cf48     libucrt:per_thread_data.obj
 0004:00000f48       $pdata$?fin$0@?0???$?RV<lambda_f2e299630e499de9f9a165e60fcd3db5>@@AEAV<lambda_2ae9d31cdba2644fcbeaf08da7c24588>@@V<lambda_40d01ff24d0e7b3814fdbdcee8eab3c7>@@@?$__crt_seh_guarded_call@X@@QEAAX$$QEAV<lambda_f2e299630e499de9f9a165e60fcd3db5>@@AEAV<lambda_2ae9d31cdba2644fcbeaf08da7c24588>@@$$QEAV<lambda_40d01ff24d0e7b3814fdbdcee8eab3c7>@@@Z@4HA 000000018001cf48     libucrt:per_thread_data.obj
 0004:00000f48       $pdata$?fin$0@?0???$?RV<lambda_efdfa57d1f175319df784efa44bb7b81>@@AEAV<lambda_5f0a4c1567f8adc6734073e5d1e1b35c>@@V<lambda_2e8a7d3640ea6ccb4c2413664c2db6fd>@@@?$__crt_seh_guarded_call@X@@QEAAX$$QEAV<lambda_efdfa57d1f175319df784efa44bb7b81>@@AEAV<lambda_5f0a4c1567f8adc6734073e5d1e1b35c>@@$$QEAV<lambda_2e8a7d3640ea6ccb4c2413664c2db6fd>@@@Z@4HA 000000018001cf48     libucrt:mbctype.obj
 0004:00000f54       $pdata$?filt$0@?0???R<lambda_6e4b09c48022b2350581041d5f6b0c4c>@@QEBA@XZ@4HA 000000018001cf54     libucrt:exit.obj
 0004:00000f60       $pdata$?fin$0@?0???$?RV<lambda_410d79af7f07d98d83a3f525b3859a53>@@AEAV<lambda_3e16ef9562a7dcce91392c22ab16ea36>@@V<lambda_38119f0e861e05405d8a144b9b982f0a>@@@?$__crt_seh_guarded_call@X@@QEAAX$$QEAV<lambda_410d79af7f07d98d83a3f525b3859a53>@@AEAV<lambda_3e16ef9562a7dcce91392c22ab16ea36>@@$$QEAV<lambda_38119f0e861e05405d8a144b9b982f0a>@@@Z@4HA 000000018001cf60     libucrt:wsetlocale.obj
 0004:00000f6c       $pdata$?fin$0@?0??update_thread_multibyte_data_internal@@YAPEAU__crt_multibyte_data@@QEAU__acrt_ptd@@QEAPEAU1@@Z@4HA 000000018001cf6c     libucrt:mbctype.obj
 0004:00000f78       $pdata$__acrt_lowio_ensure_fh_exists$fin$0 000000018001cf78     libucrt:osfinfo.obj
 0004:00000f78       $pdata$__acrt_initialize_lowio$fin$0 000000018001cf78     libucrt:ioinit.obj
 0004:00000f84       $pdata$raise$fin$0         000000018001cf84     libucrt:signal.obj
 0004:00000f90       $pdata$?fin$0@?0???$?RV<lambda_842d9ff0dc9ef11c61343bbaebe7f885>@@AEAV<lambda_c5860995281e5c4ce005b3de8f5874ee>@@V<lambda_d90129c13df834fdcbf8d2b88dafcf2d>@@@?$__crt_seh_guarded_call@X@@QEAAX$$QEAV<lambda_842d9ff0dc9ef11c61343bbaebe7f885>@@AEAV<lambda_c5860995281e5c4ce005b3de8f5874ee>@@$$QEAV<lambda_d90129c13df834fdcbf8d2b88dafcf2d>@@@Z@4HA 000000018001cf90     libucrt:fflush.obj
 0004:00000f9c       $pdata$?fin$0@?0???$?RV<lambda_886d6c58226a84441f68b9f2b8217b83>@@AEAV<lambda_ab61a845afdef5b7c387490eaf3616ee>@@V<lambda_f7f22ab5edc0698d5f6905b0d3f44752>@@@?$__crt_seh_guarded_call@X@@QEAAX$$QEAV<lambda_886d6c58226a84441f68b9f2b8217b83>@@AEAV<lambda_ab61a845afdef5b7c387490eaf3616ee>@@$$QEAV<lambda_f7f22ab5edc0698d5f6905b0d3f44752>@@@Z@4HA 000000018001cf9c     libucrt:fflush.obj
 0004:00000fa8       $pdata$__acrt_update_thread_locale_data$fin$0 000000018001cfa8     libucrt:locale_refcounting.obj
 0004:00000fb4       $pdata$?fin$0@?0???$?RV<lambda_751a882b2c74d4b022dec766aa51a29a>@@AEAV<lambda_628dfdc04ba53c8bfc02c9951375f3f5>@@V<lambda_f6c7be5f7998530c34de24c7437d6b54>@@@?$__crt_seh_guarded_call@H@@QEAAH$$QEAV<lambda_751a882b2c74d4b022dec766aa51a29a>@@AEAV<lambda_628dfdc04ba53c8bfc02c9951375f3f5>@@$$QEAV<lambda_f6c7be5f7998530c34de24c7437d6b54>@@@Z@4HA 000000018001cfb4     libucrt:close.obj
 0004:00000fb4       $pdata$?fin$0@?0???$?RV<lambda_a37b2b86f63e897a80ea819b0eb08c01>@@AEAV<lambda_38ce7e780aa69e748d6df282ebc68efe>@@V<lambda_99fb1378e971ab6e7edea83e3a7a83a2>@@@?$__crt_seh_guarded_call@H@@QEAAH$$QEAV<lambda_a37b2b86f63e897a80ea819b0eb08c01>@@AEAV<lambda_38ce7e780aa69e748d6df282ebc68efe>@@$$QEAV<lambda_99fb1378e971ab6e7edea83e3a7a83a2>@@@Z@4HA 000000018001cfb4     libucrt:commit.obj
 0004:00000fc0       $pdata$_write$fin$0        000000018001cfc0     libucrt:write.obj
 0004:00000fcc       $pdata$_fcloseall$fin$0    000000018001cfcc     libucrt:closeall.obj
 0004:00000fd8       $pdata$fclose$fin$0        000000018001cfd8     libucrt:fclose.obj
 0004:00000fe4       $pdata$_ctrlfp$filt$0      000000018001cfe4     libucrt:fpctrl.obj
 0004:00000ff0       $pdata$_IsNonwritableInCurrentImage$filt$0 000000018001cff0     LIBCMT:pesect.obj
 0005:00000060       $R000000                   000000018001d060     * linker generated manifest res *

 Exports

  ordinal    name

        1    _register_addon_
